2026-06-25 16:04:09.618 27376-27453 SDL/APP                 org.tvp.krkrsdl3                     I  16:04:09 first.ks : @call storage=gvolume.ks
2026-06-25 16:04:09.618 27376-27453 SDL/APP                 org.tvp.krkrsdl3                     I  16:04:09 first.ks : call stack depth before calling : 0
2026-06-25 16:04:09.619 27376-27453 SDL/APP                 org.tvp.krkrsdl3                     I  ===>TVPIsExistentStorageNoSearchNoNormalize
2026-06-25 16:04:09.619 27376-27453 SDL/APP                 org.tvp.krkrsdl3                     I  16:04:09 gvolume.ks : @if exp="typeof(global.gvolume_object) == 'undefined'"
2026-06-25 16:04:09.619 27376-27453 SDL/APP                 org.tvp.krkrsdl3                     I  16:04:09 gvolume.ks : 
2026-06-25 16:04:09.621 27376-27453 SDL/APP                 org.tvp.krkrsdl3                     I  ===>TVPIsExistentStorageNoSearchNoNormalize
2026-06-25 16:04:09.621 27376-27453 SDL/APP                 org.tvp.krkrsdl3                     I  ===>TVPIsExistentStorageNoSearchNoNormalize
2026-06-25 16:04:09.623 27376-27453 SDL/APP                 org.tvp.krkrsdl3                     I  16:04:09 读取了Plugin.tjs ，消耗时间(1ms)
2026-06-25 16:04:09.623 27376-27376 SDL                     org.tvp.krkrsdl3                     V  surfaceChanged()
2026-06-25 16:04:09.623 27376-27453 SDL/APP                 org.tvp.krkrsdl3                     I  16:04:09 gvolume.ks : 
2026-06-25 16:04:09.623 27376-27453 SDL/APP                 org.tvp.krkrsdl3                     I  16:04:09 gvolume.ks : @endif
2026-06-25 16:04:09.623 27376-27453 SDL/APP                 org.tvp.krkrsdl3                     I  16:04:09 gvolume.ks : 
2026-06-25 16:04:09.623 27376-27453 SDL/APP                 org.tvp.krkrsdl3                     I  16:04:09 gvolume.ks : @macro name="gvolmenu"
2026-06-25 16:04:09.623 27376-27453 SDL/APP                 org.tvp.krkrsdl3                     I  16:04:09 gvolume.ks : @eval exp="gvolume_object.createMenu(mp.name, mp.control)"
2026-06-25 16:04:09.623 27376-27453 SDL/APP                 org.tvp.krkrsdl3                     I  16:04:09 gvolume.ks : @endmacro
2026-06-25 16:04:09.623 27376-27376 SDL                     org.tvp.krkrsdl3                     V  Window size: 1454x652
2026-06-25 16:04:09.623 27376-27453 SDL/APP                 org.tvp.krkrsdl3                     I  16:04:09 gvolume.ks : 
2026-06-25 16:04:09.623 27376-27453 SDL/APP                 org.tvp.krkrsdl3                     I  16:04:09 gvolume.ks : @return
2026-06-25 16:04:09.623 27376-27376 SDL                     org.tvp.krkrsdl3                     V  Device size: 1600x720
2026-06-25 16:04:09.623 27376-27453 SDL/APP                 org.tvp.krkrsdl3                     I  16:04:09 - - - - - - - - - - - - - - - - - - - - - - - - - - - - - - - - - - - - - - - - 
2026-06-25 16:04:09.623 27376-27453 SDL/APP                 org.tvp.krkrsdl3                     I  16:04:09 first.ks : jumped to : *start
2026-06-25 16:04:09.623 27376-27453 SDL/APP                 org.tvp.krkrsdl3                     I  16:04:09 first.ks : returned to : *start line offset 11
2026-06-25 16:04:09.623 27376-27453 SDL/APP                 org.tvp.krkrsdl3                     I  16:04:09 first.ks : call stack depth after returning : 0
2026-06-25 16:04:09.623 27376-27453 SDL/APP                 org.tvp.krkrsdl3                     I  16:04:09 first.ks : @call storage=WindowZoom.ks
2026-06-25 16:04:09.624 27376-27453 SDL/APP                 org.tvp.krkrsdl3                     I  16:04:09 first.ks : call stack depth before calling : 0
2026-06-25 16:04:09.624 27376-27453 SDL/APP                 org.tvp.krkrsdl3                     I  ===>TVPIsExistentStorageNoSearchNoNormalize
2026-06-25 16:04:09.624 27376-27453 SDL/APP                 org.tvp.krkrsdl3                     I  16:04:09 WindowZoom.ks : @if exp="typeof(global.windowzoom_object) == 'undefined'"
2026-06-25 16:04:09.628 27376-27453 SDL/APP                 org.tvp.krkrsdl3                     I  16:04:09 WindowZoom.ks : @return
2026-06-25 16:04:09.628 27376-27453 SDL/APP                 org.tvp.krkrsdl3                     I  16:04:09 - - - - - - - - - - - - - - - - - - - - - - - - - - - - - - - - - - - - - - - - 
2026-06-25 16:04:09.628 27376-27453 SDL/APP                 org.tvp.krkrsdl3                     I  16:04:09 first.ks : jumped to : *start
2026-06-25 16:04:09.628 27376-27453 SDL/APP                 org.tvp.krkrsdl3                     I  16:04:09 first.ks : returned to : *start line offset 12
2026-06-25 16:04:09.628 27376-27453 SDL/APP                 org.tvp.krkrsdl3                     I  16:04:09 first.ks : call stack depth after returning : 0
2026-06-25 16:04:09.628 27376-27453 SDL/APP                 org.tvp.krkrsdl3                     I  16:04:09 first.ks : 
2026-06-25 16:04:09.628 27376-27453 SDL/APP                 org.tvp.krkrsdl3                     I  16:04:09 first.ks : @gvolmenu name="背景音乐(&B)" control="bgm"
2026-06-25 16:04:09.629 27376-27453 SDL/APP                 org.tvp.krkrsdl3                     I  16:04:09 first.ks : @gvolmenu name="菜单音效(&S)" control="0"
2026-06-25 16:04:09.629 27376-27453 SDL/APP                 org.tvp.krkrsdl3                     I  16:04:09 100
2026-06-25 16:04:09.629 27376-27453 SDL/APP                 org.tvp.krkrsdl3                     I  16:04:09 first.ks : 
2026-06-25 16:04:09.630 27376-27453 SDL/APP                 org.tvp.krkrsdl3                     I  16:04:09 first.ks : 
2026-06-25 16:04:09.630 27376-27453 SDL/APP                 org.tvp.krkrsdl3                     I  16:04:09 first.ks : @bg storage="Black" time=600
2026-06-25 16:04:09.637 27376-27453 SDL/APP                 org.tvp.krkrsdl3                     I  ===>TVPIsExistentStorageNoSearchNoNormalize
2026-06-25 16:04:09.637 27376-27453 SDL/APP                 org.tvp.krkrsdl3                     I  ===>TVPIsExistentStorageNoSearchNoNormalize
2026-06-25 16:04:09.637 27376-27453 SDL/APP                 org.tvp.krkrsdl3                     I  ===>TVPIsExistentStorageNoSearchNoNormalize
2026-06-25 16:04:09.637 27376-27453 SDL/APP                 org.tvp.krkrsdl3                     I  ===>TVPIsExistentStorageNoSearchNoNormalize
2026-06-25 16:04:09.637 27376-27453 SDL/APP                 org.tvp.krkrsdl3                     I  ===>TVPIsExistentStorageNoSearchNoNormalize
2026-06-25 16:04:09.637 27376-27453 SDL/APP                 org.tvp.krkrsdl3                     I  ===>TVPIsExistentStorageNoSearchNoNormalize
2026-06-25 16:04:09.637 27376-27453 SDL/APP                 org.tvp.krkrsdl3                     I  ===>TVPIsExistentStorageNoSearchNoNormalize
2026-06-25 16:04:09.637 27376-27453 SDL/APP                 org.tvp.krkrsdl3                     I  ===>TVPIsExistentStorageNoSearchNoNormalize
2026-06-25 16:04:09.637 27376-27453 SDL/APP                 org.tvp.krkrsdl3                     I  ===>TVPIsExistentStorageNoSearchNoNormalize
2026-06-25 16:04:09.637 27376-27453 SDL/APP                 org.tvp.krkrsdl3                     I  ===>TVPIsExistentStorageNoSearchNoNormalize
2026-06-25 16:04:09.637 27376-27453 SDL/APP                 org.tvp.krkrsdl3                     I  ===>TVPIsExistentStorageNoSearchNoNormalize
2026-06-25 16:04:09.637 27376-27453 SDL/APP                 org.tvp.krkrsdl3                     I  ===>TVPIsExistentStorageNoSearchNoNormalize
2026-06-25 16:04:09.637 27376-27453 SDL/APP                 org.tvp.krkrsdl3                     I  ===>TVPIsExistentStorageNoSearchNoNormalize
2026-06-25 16:04:09.638 27376-27453 SDL/APP                 org.tvp.krkrsdl3                     I  ===>TVPIsExistentStorageNoSearchNoNormalize
2026-06-25 16:04:09.638 27376-27453 SDL/APP                 org.tvp.krkrsdl3                     I  ===>TVPIsExistentStorageNoSearchNoNormalize
2026-06-25 16:04:09.638 27376-27453 SDL/APP                 org.tvp.krkrsdl3                     I  ===>TVPIsExistentStorageNoSearchNoNormalize
2026-06-25 16:04:09.638 27376-27453 SDL/APP                 org.tvp.krkrsdl3                     I  ===>TVPIsExistentStorageNoSearchNoNormalize
2026-06-25 16:04:09.638 27376-27453 SDL/APP                 org.tvp.krkrsdl3                     I  ===>TVPIsExistentStorageNoSearchNoNormalize
2026-06-25 16:04:09.638 27376-27453 SDL/APP                 org.tvp.krkrsdl3                     I  ===>TVPIsExistentStorageNoSearchNoNormalize
2026-06-25 16:04:09.638 27376-27453 SDL/APP                 org.tvp.krkrsdl3                     I  ===>TVPIsExistentStorageNoSearchNoNormalize
2026-06-25 16:04:09.638 27376-27453 SDL/APP                 org.tvp.krkrsdl3                     I  ===>TVPIsExistentStorageNoSearchNoNormalize
2026-06-25 16:04:09.638 27376-27453 SDL/APP                 org.tvp.krkrsdl3                     I  ===>TVPIsExistentStorageNoSearchNoNormalize
2026-06-25 16:04:09.638 27376-27453 SDL/APP                 org.tvp.krkrsdl3                     I  ===>TVPIsExistentStorageNoSearchNoNormalize
2026-06-25 16:04:09.638 27376-27453 SDL/APP                 org.tvp.krkrsdl3                     I  ===>TVPIsExistentStorageNoSearchNoNormalize
2026-06-25 16:04:09.638 27376-27453 SDL/APP                 org.tvp.krkrsdl3                     I  ===>TVPIsExistentStorageNoSearchNoNormalize
2026-06-25 16:04:09.638 27376-27453 SDL/APP                 org.tvp.krkrsdl3                     I  ===>TVPIsExistentStorageNoSearchNoNormalize
2026-06-25 16:04:09.638 27376-27453 SDL/APP                 org.tvp.krkrsdl3                     I  ===>TVPIsExistentStorageNoSearchNoNormalize
2026-06-25 16:04:09.638 27376-27453 SDL/APP                 org.tvp.krkrsdl3                     I  ===>TVPIsExistentStorageNoSearchNoNormalize
2026-06-25 16:04:09.638 27376-27453 SDL/APP                 org.tvp.krkrsdl3                     I  ===>TVPIsExistentStorageNoSearchNoNormalize
2026-06-25 16:04:09.638 27376-27453 SDL/APP                 org.tvp.krkrsdl3                     I  ===>TVPIsExistentStorageNoSearchNoNormalize
2026-06-25 16:04:09.638 27376-27453 SDL/APP                 org.tvp.krkrsdl3                     I  ===>TVPIsExistentStorageNoSearchNoNormalize
2026-06-25 16:04:09.639 27376-27453 SDL/APP                 org.tvp.krkrsdl3                     I  ===>TVPIsExistentStorageNoSearchNoNormalize
2026-06-25 16:04:09.639 27376-27453 SDL/APP                 org.tvp.krkrsdl3                     I  ===>TVPIsExistentStorageNoSearchNoNormalize
2026-06-25 16:04:09.639 27376-27453 SDL/APP                 org.tvp.krkrsdl3                     I  ===>TVPIsExistentStorageNoSearchNoNormalize
2026-06-25 16:04:09.639 27376-27453 SDL/APP                 org.tvp.krkrsdl3                     I  ===>TVPIsExistentStorageNoSearchNoNormalize
2026-06-25 16:04:09.639 27376-27453 SDL/APP                 org.tvp.krkrsdl3                     I  ===>TVPIsExistentStorageNoSearchNoNormalize
2026-06-25 16:04:09.639 27376-27453 SDL/APP                 org.tvp.krkrsdl3                     I  ===>TVPIsExistentStorageNoSearchNoNormalize
2026-06-25 16:04:09.639 27376-27453 SDL/APP                 org.tvp.krkrsdl3                     I  ===>TVPIsExistentStorageNoSearchNoNormalize
2026-06-25 16:04:09.639 27376-27453 SDL/APP                 org.tvp.krkrsdl3                     I  ===>TVPIsExistentStorageNoSearchNoNormalize
2026-06-25 16:04:09.639 27376-27453 SDL/APP                 org.tvp.krkrsdl3                     I  ===>TVPIsExistentStorageNoSearchNoNormalize
2026-06-25 16:04:09.639 27376-27453 SDL/APP                 org.tvp.krkrsdl3                     I  ===>TVPIsExistentStorageNoSearchNoNormalize
2026-06-25 16:04:09.639 27376-27453 SDL/APP                 org.tvp.krkrsdl3                     I  ===>TVPIsExistentStorageNoSearchNoNormalize
2026-06-25 16:04:09.639 27376-27453 SDL/APP                 org.tvp.krkrsdl3                     I  ===>TVPIsExistentStorageNoSearchNoNormalize
2026-06-25 16:04:09.639 27376-27453 SDL/APP                 org.tvp.krkrsdl3                     I  ===>TVPIsExistentStorageNoSearchNoNormalize
2026-06-25 16:04:09.639 27376-27453 SDL/APP                 org.tvp.krkrsdl3                     I  ===>TVPIsExistentStorageNoSearchNoNormalize
2026-06-25 16:04:09.639 27376-27453 SDL/APP                 org.tvp.krkrsdl3                     I  ===>TVPIsExistentStorageNoSearchNoNormalize
2026-06-25 16:04:09.639 27376-27453 SDL/APP                 org.tvp.krkrsdl3                     I  ===>TVPIsExistentStorageNoSearchNoNormalize
2026-06-25 16:04:09.643 27376-27376 Looper                  org.tvp.krkrsdl3                     W  PerfMonitor doFrame : time=33ms vsyncFrame=5842979 latency=499ms procState=-1 historyMsgCount=1 (msgIndex=1 wall=502ms seq=171 late=1ms h=org.libsdl.app.SDLActivity$SDLCommandHandler w=0)
2026-06-25 16:04:09.648 27376-27409 ContentCatcher_injector org.tvp.krkrsdl3                     D  Interceptor : notifyActivityStop: org.tvp.krkrsdl3@org.tvp.krkrsdl3.MainActivity@258339578
2026-06-25 16:04:09.648 27376-27409 ContentCatcher_catcher  org.tvp.krkrsdl3                     D  CatcherHolder : mCatcherList size: 0
2026-06-25 16:04:09.652 27376-27376 Looper                  org.tvp.krkrsdl3                     W  PerfMonitor looperActivity : package=org.tvp.krkrsdl3/.MainActivity time=8ms latency=524ms  procState=-1  historyMsgCount=2 (msgIndex=1 wall=502ms seq=171 late=1ms h=org.libsdl.app.SDLActivity$SDLCommandHandler w=0)
2026-06-25 16:04:09.656 27376-27453 SDL/APP                 org.tvp.krkrsdl3                     I  ===>TVPIsExistentStorageNoSearchNoNormalize
2026-06-25 16:04:09.656 27376-27453 SDL/APP                 org.tvp.krkrsdl3                     I  ===>TVPIsExistentStorageNoSearchNoNormalize
2026-06-25 16:04:09.656 27376-27453 SDL/APP                 org.tvp.krkrsdl3                     I  16:04:09 Black 的读取花费了 20ms。
2026-06-25 16:04:09.673 27376-27453 BLASTBufferQueue        org.tvp.krkrsdl3                     E  [SurfaceView[org.tvp.krkrsdl3/org.tvp.krkrsdl3.KRKRActivity]#2](f:0,a:0) rejecting buffer:active_size=1454x652, requested_size=1454x652 buffer{size=720x1548 transform=7}
2026-06-25 16:04:09.689 27376-27406 libc                    org.tvp.krkrsdl3                     W  Access denied finding property "ro.vendor.display.iris_x7.support"
2026-06-25 16:04:10.281 27376-27453 SDL/APP                 org.tvp.krkrsdl3                     I  16:04:10 first.ks : @bg storage="OP01" time=2000
2026-06-25 16:04:10.286 27376-27453 SDL/APP                 org.tvp.krkrsdl3                     I  ===>TVPIsExistentStorageNoSearchNoNormalize
2026-06-25 16:04:10.286 27376-27453 SDL/APP                 org.tvp.krkrsdl3                     I  ===>TVPIsExistentStorageNoSearchNoNormalize
2026-06-25 16:04:10.286 27376-27453 SDL/APP                 org.tvp.krkrsdl3                     I  ===>TVPIsExistentStorageNoSearchNoNormalize
2026-06-25 16:04:10.286 27376-27453 SDL/APP                 org.tvp.krkrsdl3                     I  ===>TVPIsExistentStorageNoSearchNoNormalize
2026-06-25 16:04:10.286 27376-27453 SDL/APP                 org.tvp.krkrsdl3                     I  ===>TVPIsExistentStorageNoSearchNoNormalize
2026-06-25 16:04:10.286 27376-27453 SDL/APP                 org.tvp.krkrsdl3                     I  ===>TVPIsExistentStorageNoSearchNoNormalize
2026-06-25 16:04:10.286 27376-27453 SDL/APP                 org.tvp.krkrsdl3                     I  ===>TVPIsExistentStorageNoSearchNoNormalize
2026-06-25 16:04:10.286 27376-27453 SDL/APP                 org.tvp.krkrsdl3                     I  ===>TVPIsExistentStorageNoSearchNoNormalize
2026-06-25 16:04:10.286 27376-27453 SDL/APP                 org.tvp.krkrsdl3                     I  ===>TVPIsExistentStorageNoSearchNoNormalize
2026-06-25 16:04:10.286 27376-27453 SDL/APP                 org.tvp.krkrsdl3                     I  ===>TVPIsExistentStorageNoSearchNoNormalize
2026-06-25 16:04:10.286 27376-27453 SDL/APP                 org.tvp.krkrsdl3                     I  ===>TVPIsExistentStorageNoSearchNoNormalize
2026-06-25 16:04:10.286 27376-27453 SDL/APP                 org.tvp.krkrsdl3                     I  ===>TVPIsExistentStorageNoSearchNoNormalize
2026-06-25 16:04:10.286 27376-27453 SDL/APP                 org.tvp.krkrsdl3                     I  ===>TVPIsExistentStorageNoSearchNoNormalize
2026-06-25 16:04:10.286 27376-27453 SDL/APP                 org.tvp.krkrsdl3                     I  ===>TVPIsExistentStorageNoSearchNoNormalize
2026-06-25 16:04:10.286 27376-27453 SDL/APP                 org.tvp.krkrsdl3                     I  ===>TVPIsExistentStorageNoSearchNoNormalize
2026-06-25 16:04:10.286 27376-27453 SDL/APP                 org.tvp.krkrsdl3                     I  ===>TVPIsExistentStorageNoSearchNoNormalize
2026-06-25 16:04:10.286 27376-27453 SDL/APP                 org.tvp.krkrsdl3                     I  ===>TVPIsExistentStorageNoSearchNoNormalize
2026-06-25 16:04:10.286 27376-27453 SDL/APP                 org.tvp.krkrsdl3                     I  ===>TVPIsExistentStorageNoSearchNoNormalize
2026-06-25 16:04:10.286 27376-27453 SDL/APP                 org.tvp.krkrsdl3                     I  ===>TVPIsExistentStorageNoSearchNoNormalize
2026-06-25 16:04:10.286 27376-27453 SDL/APP                 org.tvp.krkrsdl3                     I  ===>TVPIsExistentStorageNoSearchNoNormalize
2026-06-25 16:04:10.286 27376-27453 SDL/APP                 org.tvp.krkrsdl3                     I  ===>TVPIsExistentStorageNoSearchNoNormalize
2026-06-25 16:04:10.286 27376-27453 SDL/APP                 org.tvp.krkrsdl3                     I  ===>TVPIsExistentStorageNoSearchNoNormalize
2026-06-25 16:04:10.286 27376-27453 SDL/APP                 org.tvp.krkrsdl3                     I  ===>TVPIsExistentStorageNoSearchNoNormalize
2026-06-25 16:04:10.286 27376-27453 SDL/APP                 org.tvp.krkrsdl3                     I  ===>TVPIsExistentStorageNoSearchNoNormalize
2026-06-25 16:04:10.286 27376-27453 SDL/APP                 org.tvp.krkrsdl3                     I  ===>TVPIsExistentStorageNoSearchNoNormalize
2026-06-25 16:04:10.287 27376-27453 SDL/APP                 org.tvp.krkrsdl3                     I  ===>TVPIsExistentStorageNoSearchNoNormalize
2026-06-25 16:04:10.287 27376-27453 SDL/APP                 org.tvp.krkrsdl3                     I  ===>TVPIsExistentStorageNoSearchNoNormalize
2026-06-25 16:04:10.287 27376-27453 SDL/APP                 org.tvp.krkrsdl3                     I  ===>TVPIsExistentStorageNoSearchNoNormalize
2026-06-25 16:04:10.287 27376-27453 SDL/APP                 org.tvp.krkrsdl3                     I  ===>TVPIsExistentStorageNoSearchNoNormalize
2026-06-25 16:04:10.287 27376-27453 SDL/APP                 org.tvp.krkrsdl3                     I  ===>TVPIsExistentStorageNoSearchNoNormalize
2026-06-25 16:04:10.287 27376-27453 SDL/APP                 org.tvp.krkrsdl3                     I  ===>TVPIsExistentStorageNoSearchNoNormalize
2026-06-25 16:04:10.287 27376-27453 SDL/APP                 org.tvp.krkrsdl3                     I  ===>TVPIsExistentStorageNoSearchNoNormalize
2026-06-25 16:04:10.287 27376-27453 SDL/APP                 org.tvp.krkrsdl3                     I  ===>TVPIsExistentStorageNoSearchNoNormalize
2026-06-25 16:04:10.287 27376-27453 SDL/APP                 org.tvp.krkrsdl3                     I  ===>TVPIsExistentStorageNoSearchNoNormalize
2026-06-25 16:04:10.287 27376-27453 SDL/APP                 org.tvp.krkrsdl3                     I  ===>TVPIsExistentStorageNoSearchNoNormalize
2026-06-25 16:04:10.287 27376-27453 SDL/APP                 org.tvp.krkrsdl3                     I  ===>TVPIsExistentStorageNoSearchNoNormalize
2026-06-25 16:04:10.287 27376-27453 SDL/APP                 org.tvp.krkrsdl3                     I  ===>TVPIsExistentStorageNoSearchNoNormalize
2026-06-25 16:04:10.287 27376-27453 SDL/APP                 org.tvp.krkrsdl3                     I  ===>TVPIsExistentStorageNoSearchNoNormalize
2026-06-25 16:04:10.287 27376-27453 SDL/APP                 org.tvp.krkrsdl3                     I  ===>TVPIsExistentStorageNoSearchNoNormalize
2026-06-25 16:04:10.287 27376-27453 SDL/APP                 org.tvp.krkrsdl3                     I  ===>TVPIsExistentStorageNoSearchNoNormalize
2026-06-25 16:04:10.287 27376-27453 SDL/APP                 org.tvp.krkrsdl3                     I  ===>TVPIsExistentStorageNoSearchNoNormalize
2026-06-25 16:04:10.287 27376-27453 SDL/APP                 org.tvp.krkrsdl3                     I  ===>TVPIsExistentStorageNoSearchNoNormalize
2026-06-25 16:04:10.287 27376-27453 SDL/APP                 org.tvp.krkrsdl3                     I  ===>TVPIsExistentStorageNoSearchNoNormalize
2026-06-25 16:04:10.287 27376-27453 SDL/APP                 org.tvp.krkrsdl3                     I  ===>TVPIsExistentStorageNoSearchNoNormalize
2026-06-25 16:04:10.287 27376-27453 SDL/APP                 org.tvp.krkrsdl3                     I  ===>TVPIsExistentStorageNoSearchNoNormalize
2026-06-25 16:04:10.287 27376-27453 SDL/APP                 org.tvp.krkrsdl3                     I  ===>TVPIsExistentStorageNoSearchNoNormalize
2026-06-25 16:04:10.287 27376-27453 SDL/APP                 org.tvp.krkrsdl3                     I  ===>TVPIsExistentStorageNoSearchNoNormalize
2026-06-25 16:04:10.287 27376-27453 SDL/APP                 org.tvp.krkrsdl3                     I  ===>TVPIsExistentStorageNoSearchNoNormalize
2026-06-25 16:04:10.287 27376-27453 SDL/APP                 org.tvp.krkrsdl3                     I  ===>TVPIsExistentStorageNoSearchNoNormalize
2026-06-25 16:04:10.287 27376-27453 SDL/APP                 org.tvp.krkrsdl3                     I  ===>TVPIsExistentStorageNoSearchNoNormalize
2026-06-25 16:04:10.287 27376-27453 SDL/APP                 org.tvp.krkrsdl3                     I  ===>TVPIsExistentStorageNoSearchNoNormalize
2026-06-25 16:04:10.295 27376-27453 SDL/APP                 org.tvp.krkrsdl3                     I  ===>TVPIsExistentStorageNoSearchNoNormalize
2026-06-25 16:04:10.295 27376-27453 SDL/APP                 org.tvp.krkrsdl3                     I  ===>TVPIsExistentStorageNoSearchNoNormalize
2026-06-25 16:04:10.295 27376-27453 SDL/APP                 org.tvp.krkrsdl3                     I  16:04:10 OP01 的读取花费了 10ms。
2026-06-25 16:04:12.324 27376-27453 SDL/APP                 org.tvp.krkrsdl3                     I  16:04:12 first.ks : @wait time=1000
2026-06-25 16:04:12.319 27376-27376 SDLThread               org.tvp.krkrsdl3                     W  type=1400 audit(0.0:796401): avc:  denied  { read } for  name="/" dev="dm-12" ino=59 scontext=u:r:untrusted_app:s0:c28,c257,c512,c768 tcontext=u:object_r:rootfs:s0 tclass=dir permissive=0 app=org.tvp.krkrsdl3
2026-06-25 16:04:12.323 27376-27376 SDLThread               org.tvp.krkrsdl3                     W  type=1400 audit(0.0:796402): avc:  denied  { read } for  name="/" dev="dm-12" ino=59 scontext=u:r:untrusted_app:s0:c28,c257,c512,c768 tcontext=u:object_r:rootfs:s0 tclass=dir permissive=0 app=org.tvp.krkrsdl3
2026-06-25 16:04:13.353 27376-27453 SDL/APP                 org.tvp.krkrsdl3                     I  16:04:13 first.ks : @bg storage="Black" time=1500
2026-06-25 16:04:13.395 27376-27453 SDL/APP                 org.tvp.krkrsdl3                     I  ===>TVPIsExistentStorageNoSearchNoNormalize
2026-06-25 16:04:13.395 27376-27453 SDL/APP                 org.tvp.krkrsdl3                     I  ===>TVPIsExistentStorageNoSearchNoNormalize
2026-06-25 16:04:13.396 27376-27453 SDL/APP                 org.tvp.krkrsdl3                     I  16:04:13 Black 的读取花费了 1ms。
2026-06-25 16:04:14.923 27376-27453 SDL/APP                 org.tvp.krkrsdl3                     I  16:04:14 first.ks : 
2026-06-25 16:04:14.924 27376-27453 SDL/APP                 org.tvp.krkrsdl3                     I  16:04:14 first.ks : 标签/页 : *anchor/
2026-06-25 16:04:14.931 27376-27453 SDL/APP                 org.tvp.krkrsdl3                     I  16:04:14 first.ks : @startanchor
2026-06-25 16:04:14.935 27376-27376 SDLThread               org.tvp.krkrsdl3                     W  type=1400 audit(0.0:796409): avc:  denied  { read } for  name="/" dev="dm-12" ino=59 scontext=u:r:untrusted_app:s0:c28,c257,c512,c768 tcontext=u:object_r:rootfs:s0 tclass=dir permissive=0 app=org.tvp.krkrsdl3
2026-06-25 16:04:14.941 27376-27453 SDL/APP                 org.tvp.krkrsdl3                     I  ===>TVPIsExistentStorageNoSearchNoNormalize
2026-06-25 16:04:14.935 27376-27376 SDLThread               org.tvp.krkrsdl3                     W  type=1400 audit(0.0:796410): avc:  denied  { read } for  name="/" dev="dm-12" ino=59 scontext=u:r:untrusted_app:s0:c28,c257,c512,c768 tcontext=u:object_r:rootfs:s0 tclass=dir permissive=0 app=org.tvp.krkrsdl3
2026-06-25 16:04:14.935 27376-27376 SDLThread               org.tvp.krkrsdl3                     W  type=1400 audit(0.0:796411): avc:  denied  { read } for  name="/" dev="dm-12" ino=59 scontext=u:r:untrusted_app:s0:c28,c257,c512,c768 tcontext=u:object_r:rootfs:s0 tclass=dir permissive=0 app=org.tvp.krkrsdl3
2026-06-25 16:04:14.950 27376-27453 SDL/APP                 org.tvp.krkrsdl3                     I  16:04:14 first.ks : 
2026-06-25 16:04:14.950 27376-27453 SDL/APP                 org.tvp.krkrsdl3                     I  16:04:14 first.ks : @menul
2026-06-25 16:04:14.958 27376-27453 SDL/APP                 org.tvp.krkrsdl3                     I  16:04:14 first.ks : @rclick enabled=false
2026-06-25 16:04:14.958 27376-27453 SDL/APP                 org.tvp.krkrsdl3                     I  16:04:14 first.ks : 
2026-06-25 16:04:14.958 27376-27453 SDL/APP                 org.tvp.krkrsdl3                     I  16:04:14 first.ks : @eval exp="kag.caption='Spring Days'"
2026-06-25 16:04:14.958 27376-27453 SDL/APP                 org.tvp.krkrsdl3                     I  16:04:14 first.ks : @history enabled=false output=false
2026-06-25 16:04:14.959 27376-27453 SDL/APP                 org.tvp.krkrsdl3                     I  16:04:14 first.ks : 
2026-06-25 16:04:14.959 27376-27453 SDL/APP                 org.tvp.krkrsdl3                     I  16:04:14 first.ks : @menul
2026-06-25 16:04:14.963 27376-27453 SDL/APP                 org.tvp.krkrsdl3                     I  16:04:14 first.ks : @current layer=message page=back
2026-06-25 16:04:14.963 27376-27453 SDL/APP                 org.tvp.krkrsdl3                     I  16:04:14 first.ks : @er
2026-06-25 16:04:14.967 27376-27453 SDL/APP                 org.tvp.krkrsdl3                     I  16:04:14 first.ks : 
2026-06-25 16:04:14.967 27376-27453 SDL/APP                 org.tvp.krkrsdl3                     I  16:04:14 first.ks : @backlay
2026-06-25 16:04:14.972 27376-27453 SDL/APP                 org.tvp.krkrsdl3                     I  16:04:14 first.ks : @image layer=base page=back storage="BG32a" visible=true left=0 top=0
2026-06-25 16:04:14.972 27376-27453 SDL/APP                 org.tvp.krkrsdl3                     I  ===>TVPIsExistentStorageNoSearchNoNormalize
2026-06-25 16:04:14.972 27376-27453 SDL/APP                 org.tvp.krkrsdl3                     I  ===>TVPIsExistentStorageNoSearchNoNormalize
2026-06-25 16:04:14.972 27376-27453 SDL/APP                 org.tvp.krkrsdl3                     I  ===>TVPIsExistentStorageNoSearchNoNormalize
2026-06-25 16:04:14.972 27376-27453 SDL/APP                 org.tvp.krkrsdl3                     I  ===>TVPIsExistentStorageNoSearchNoNormalize
2026-06-25 16:04:14.972 27376-27453 SDL/APP                 org.tvp.krkrsdl3                     I  ===>TVPIsExistentStorageNoSearchNoNormalize
2026-06-25 16:04:14.973 27376-27453 SDL/APP                 org.tvp.krkrsdl3                     I  ===>TVPIsExistentStorageNoSearchNoNormalize
2026-06-25 16:04:14.973 27376-27453 SDL/APP                 org.tvp.krkrsdl3                     I  ===>TVPIsExistentStorageNoSearchNoNormalize
2026-06-25 16:04:14.973 27376-27453 SDL/APP                 org.tvp.krkrsdl3                     I  ===>TVPIsExistentStorageNoSearchNoNormalize
2026-06-25 16:04:14.973 27376-27453 SDL/APP                 org.tvp.krkrsdl3                     I  ===>TVPIsExistentStorageNoSearchNoNormalize
2026-06-25 16:04:14.973 27376-27453 SDL/APP                 org.tvp.krkrsdl3                     I  ===>TVPIsExistentStorageNoSearchNoNormalize
2026-06-25 16:04:14.973 27376-27453 SDL/APP                 org.tvp.krkrsdl3                     I  ===>TVPIsExistentStorageNoSearchNoNormalize
2026-06-25 16:04:14.973 27376-27453 SDL/APP                 org.tvp.krkrsdl3                     I  ===>TVPIsExistentStorageNoSearchNoNormalize
2026-06-25 16:04:14.973 27376-27453 SDL/APP                 org.tvp.krkrsdl3                     I  ===>TVPIsExistentStorageNoSearchNoNormalize
2026-06-25 16:04:14.973 27376-27453 SDL/APP                 org.tvp.krkrsdl3                     I  ===>TVPIsExistentStorageNoSearchNoNormalize
2026-06-25 16:04:14.973 27376-27453 SDL/APP                 org.tvp.krkrsdl3                     I  ===>TVPIsExistentStorageNoSearchNoNormalize
2026-06-25 16:04:14.973 27376-27453 SDL/APP                 org.tvp.krkrsdl3                     I  ===>TVPIsExistentStorageNoSearchNoNormalize
2026-06-25 16:04:14.973 27376-27453 SDL/APP                 org.tvp.krkrsdl3                     I  ===>TVPIsExistentStorageNoSearchNoNormalize
2026-06-25 16:04:14.973 27376-27453 SDL/APP                 org.tvp.krkrsdl3                     I  ===>TVPIsExistentStorageNoSearchNoNormalize
2026-06-25 16:04:14.973 27376-27453 SDL/APP                 org.tvp.krkrsdl3                     I  ===>TVPIsExistentStorageNoSearchNoNormalize
2026-06-25 16:04:14.973 27376-27453 SDL/APP                 org.tvp.krkrsdl3                     I  ===>TVPIsExistentStorageNoSearchNoNormalize
2026-06-25 16:04:14.973 27376-27453 SDL/APP                 org.tvp.krkrsdl3                     I  ===>TVPIsExistentStorageNoSearchNoNormalize
2026-06-25 16:04:14.973 27376-27453 SDL/APP                 org.tvp.krkrsdl3                     I  ===>TVPIsExistentStorageNoSearchNoNormalize
2026-06-25 16:04:14.973 27376-27453 SDL/APP                 org.tvp.krkrsdl3                     I  ===>TVPIsExistentStorageNoSearchNoNormalize
2026-06-25 16:04:14.973 27376-27453 SDL/APP                 org.tvp.krkrsdl3                     I  ===>TVPIsExistentStorageNoSearchNoNormalize
2026-06-25 16:04:14.973 27376-27453 SDL/APP                 org.tvp.krkrsdl3                     I  ===>TVPIsExistentStorageNoSearchNoNormalize
2026-06-25 16:04:14.973 27376-27453 SDL/APP                 org.tvp.krkrsdl3                     I  ===>TVPIsExistentStorageNoSearchNoNormalize
2026-06-25 16:04:14.973 27376-27453 SDL/APP                 org.tvp.krkrsdl3                     I  ===>TVPIsExistentStorageNoSearchNoNormalize
2026-06-25 16:04:14.973 27376-27453 SDL/APP                 org.tvp.krkrsdl3                     I  ===>TVPIsExistentStorageNoSearchNoNormalize
2026-06-25 16:04:14.973 27376-27453 SDL/APP                 org.tvp.krkrsdl3                     I  ===>TVPIsExistentStorageNoSearchNoNormalize
2026-06-25 16:04:14.973 27376-27453 SDL/APP                 org.tvp.krkrsdl3                     I  ===>TVPIsExistentStorageNoSearchNoNormalize
2026-06-25 16:04:14.974 27376-27453 SDL/APP                 org.tvp.krkrsdl3                     I  ===>TVPIsExistentStorageNoSearchNoNormalize
2026-06-25 16:04:14.974 27376-27453 SDL/APP                 org.tvp.krkrsdl3                     I  ===>TVPIsExistentStorageNoSearchNoNormalize
2026-06-25 16:04:14.974 27376-27453 SDL/APP                 org.tvp.krkrsdl3                     I  ===>TVPIsExistentStorageNoSearchNoNormalize
2026-06-25 16:04:14.974 27376-27453 SDL/APP                 org.tvp.krkrsdl3                     I  ===>TVPIsExistentStorageNoSearchNoNormalize
2026-06-25 16:04:14.974 27376-27453 SDL/APP                 org.tvp.krkrsdl3                     I  ===>TVPIsExistentStorageNoSearchNoNormalize
2026-06-25 16:04:14.974 27376-27453 SDL/APP                 org.tvp.krkrsdl3                     I  ===>TVPIsExistentStorageNoSearchNoNormalize
2026-06-25 16:04:14.974 27376-27453 SDL/APP                 org.tvp.krkrsdl3                     I  ===>TVPIsExistentStorageNoSearchNoNormalize
2026-06-25 16:04:14.974 27376-27453 SDL/APP                 org.tvp.krkrsdl3                     I  ===>TVPIsExistentStorageNoSearchNoNormalize
2026-06-25 16:04:14.974 27376-27453 SDL/APP                 org.tvp.krkrsdl3                     I  ===>TVPIsExistentStorageNoSearchNoNormalize
2026-06-25 16:04:14.974 27376-27453 SDL/APP                 org.tvp.krkrsdl3                     I  ===>TVPIsExistentStorageNoSearchNoNormalize
2026-06-25 16:04:14.974 27376-27453 SDL/APP                 org.tvp.krkrsdl3                     I  ===>TVPIsExistentStorageNoSearchNoNormalize
2026-06-25 16:04:14.974 27376-27453 SDL/APP                 org.tvp.krkrsdl3                     I  ===>TVPIsExistentStorageNoSearchNoNormalize
2026-06-25 16:04:14.974 27376-27453 SDL/APP                 org.tvp.krkrsdl3                     I  ===>TVPIsExistentStorageNoSearchNoNormalize
2026-06-25 16:04:14.974 27376-27453 SDL/APP                 org.tvp.krkrsdl3                     I  ===>TVPIsExistentStorageNoSearchNoNormalize
2026-06-25 16:04:14.974 27376-27453 SDL/APP                 org.tvp.krkrsdl3                     I  ===>TVPIsExistentStorageNoSearchNoNormalize
2026-06-25 16:04:14.974 27376-27453 SDL/APP                 org.tvp.krkrsdl3                     I  ===>TVPIsExistentStorageNoSearchNoNormalize
2026-06-25 16:04:14.974 27376-27453 SDL/APP                 org.tvp.krkrsdl3                     I  ===>TVPIsExistentStorageNoSearchNoNormalize
2026-06-25 16:04:14.974 27376-27453 SDL/APP                 org.tvp.krkrsdl3                     I  ===>TVPIsExistentStorageNoSearchNoNormalize
2026-06-25 16:04:14.974 27376-27453 SDL/APP                 org.tvp.krkrsdl3                     I  ===>TVPIsExistentStorageNoSearchNoNormalize
2026-06-25 16:04:14.974 27376-27453 SDL/APP                 org.tvp.krkrsdl3                     I  ===>TVPIsExistentStorageNoSearchNoNormalize
2026-06-25 16:04:14.974 27376-27453 SDL/APP                 org.tvp.krkrsdl3                     I  ===>TVPIsExistentStorageNoSearchNoNormalize
2026-06-25 16:04:14.989 27376-27453 SDL/APP                 org.tvp.krkrsdl3                     I  ===>TVPIsExistentStorageNoSearchNoNormalize
2026-06-25 16:04:14.989 27376-27453 SDL/APP                 org.tvp.krkrsdl3                     I  ===>TVPIsExistentStorageNoSearchNoNormalize
2026-06-25 16:04:14.990 27376-27453 SDL/APP                 org.tvp.krkrsdl3                     I  16:04:14 BG32a 的读取花费了 18ms。
2026-06-25 16:04:14.990 27376-27453 SDL/APP                 org.tvp.krkrsdl3                     I  16:04:14 first.ks : @pimage layer=base page=back storage="GameMenu" visible=true dx=50 dy=110
2026-06-25 16:04:14.990 27376-27453 SDL/APP                 org.tvp.krkrsdl3                     I  ===>TVPIsExistentStorageNoSearchNoNormalize
2026-06-25 16:04:14.990 27376-27453 SDL/APP                 org.tvp.krkrsdl3                     I  ===>TVPIsExistentStorageNoSearchNoNormalize
2026-06-25 16:04:14.990 27376-27453 SDL/APP                 org.tvp.krkrsdl3                     I  ===>TVPIsExistentStorageNoSearchNoNormalize
2026-06-25 16:04:14.990 27376-27453 SDL/APP                 org.tvp.krkrsdl3                     I  ===>TVPIsExistentStorageNoSearchNoNormalize
2026-06-25 16:04:14.990 27376-27453 SDL/APP                 org.tvp.krkrsdl3                     I  ===>TVPIsExistentStorageNoSearchNoNormalize
2026-06-25 16:04:14.990 27376-27453 SDL/APP                 org.tvp.krkrsdl3                     I  ===>TVPIsExistentStorageNoSearchNoNormalize
2026-06-25 16:04:14.990 27376-27453 SDL/APP                 org.tvp.krkrsdl3                     I  ===>TVPIsExistentStorageNoSearchNoNormalize
2026-06-25 16:04:14.990 27376-27453 SDL/APP                 org.tvp.krkrsdl3                     I  ===>TVPIsExistentStorageNoSearchNoNormalize
2026-06-25 16:04:14.990 27376-27453 SDL/APP                 org.tvp.krkrsdl3                     I  ===>TVPIsExistentStorageNoSearchNoNormalize
2026-06-25 16:04:14.990 27376-27453 SDL/APP                 org.tvp.krkrsdl3                     I  ===>TVPIsExistentStorageNoSearchNoNormalize
2026-06-25 16:04:14.990 27376-27453 SDL/APP                 org.tvp.krkrsdl3                     I  ===>TVPIsExistentStorageNoSearchNoNormalize
2026-06-25 16:04:14.990 27376-27453 SDL/APP                 org.tvp.krkrsdl3                     I  ===>TVPIsExistentStorageNoSearchNoNormalize
2026-06-25 16:04:14.990 27376-27453 SDL/APP                 org.tvp.krkrsdl3                     I  ===>TVPIsExistentStorageNoSearchNoNormalize
2026-06-25 16:04:14.991 27376-27453 SDL/APP                 org.tvp.krkrsdl3                     I  ===>TVPIsExistentStorageNoSearchNoNormalize
2026-06-25 16:04:14.991 27376-27453 SDL/APP                 org.tvp.krkrsdl3                     I  ===>TVPIsExistentStorageNoSearchNoNormalize
2026-06-25 16:04:14.991 27376-27453 SDL/APP                 org.tvp.krkrsdl3                     I  ===>TVPIsExistentStorageNoSearchNoNormalize
2026-06-25 16:04:14.991 27376-27453 SDL/APP                 org.tvp.krkrsdl3                     I  ===>TVPIsExistentStorageNoSearchNoNormalize
2026-06-25 16:04:14.991 27376-27453 SDL/APP                 org.tvp.krkrsdl3                     I  ===>TVPIsExistentStorageNoSearchNoNormalize
2026-06-25 16:04:14.991 27376-27453 SDL/APP                 org.tvp.krkrsdl3                     I  ===>TVPIsExistentStorageNoSearchNoNormalize
2026-06-25 16:04:14.991 27376-27453 SDL/APP                 org.tvp.krkrsdl3                     I  ===>TVPIsExistentStorageNoSearchNoNormalize
2026-06-25 16:04:14.991 27376-27453 SDL/APP                 org.tvp.krkrsdl3                     I  ===>TVPIsExistentStorageNoSearchNoNormalize
2026-06-25 16:04:14.991 27376-27453 SDL/APP                 org.tvp.krkrsdl3                     I  ===>TVPIsExistentStorageNoSearchNoNormalize
2026-06-25 16:04:14.991 27376-27453 SDL/APP                 org.tvp.krkrsdl3                     I  ===>TVPIsExistentStorageNoSearchNoNormalize
2026-06-25 16:04:14.991 27376-27453 SDL/APP                 org.tvp.krkrsdl3                     I  ===>TVPIsExistentStorageNoSearchNoNormalize
2026-06-25 16:04:14.991 27376-27453 SDL/APP                 org.tvp.krkrsdl3                     I  ===>TVPIsExistentStorageNoSearchNoNormalize
2026-06-25 16:04:14.991 27376-27453 SDL/APP                 org.tvp.krkrsdl3                     I  ===>TVPIsExistentStorageNoSearchNoNormalize
2026-06-25 16:04:14.991 27376-27453 SDL/APP                 org.tvp.krkrsdl3                     I  ===>TVPIsExistentStorageNoSearchNoNormalize
2026-06-25 16:04:14.991 27376-27453 SDL/APP                 org.tvp.krkrsdl3                     I  ===>TVPIsExistentStorageNoSearchNoNormalize
2026-06-25 16:04:14.991 27376-27453 SDL/APP                 org.tvp.krkrsdl3                     I  ===>TVPIsExistentStorageNoSearchNoNormalize
2026-06-25 16:04:14.991 27376-27453 SDL/APP                 org.tvp.krkrsdl3                     I  ===>TVPIsExistentStorageNoSearchNoNormalize
2026-06-25 16:04:14.991 27376-27453 SDL/APP                 org.tvp.krkrsdl3                     I  ===>TVPIsExistentStorageNoSearchNoNormalize
2026-06-25 16:04:14.991 27376-27453 SDL/APP                 org.tvp.krkrsdl3                     I  ===>TVPIsExistentStorageNoSearchNoNormalize
2026-06-25 16:04:14.991 27376-27453 SDL/APP                 org.tvp.krkrsdl3                     I  ===>TVPIsExistentStorageNoSearchNoNormalize
2026-06-25 16:04:14.991 27376-27453 SDL/APP                 org.tvp.krkrsdl3                     I  ===>TVPIsExistentStorageNoSearchNoNormalize
2026-06-25 16:04:14.991 27376-27453 SDL/APP                 org.tvp.krkrsdl3                     I  ===>TVPIsExistentStorageNoSearchNoNormalize
2026-06-25 16:04:14.991 27376-27453 SDL/APP                 org.tvp.krkrsdl3                     I  ===>TVPIsExistentStorageNoSearchNoNormalize
2026-06-25 16:04:14.991 27376-27453 SDL/APP                 org.tvp.krkrsdl3                     I  ===>TVPIsExistentStorageNoSearchNoNormalize
2026-06-25 16:04:14.991 27376-27453 SDL/APP                 org.tvp.krkrsdl3                     I  ===>TVPIsExistentStorageNoSearchNoNormalize
2026-06-25 16:04:14.992 27376-27453 SDL/APP                 org.tvp.krkrsdl3                     I  ===>TVPIsExistentStorageNoSearchNoNormalize
2026-06-25 16:04:14.992 27376-27453 SDL/APP                 org.tvp.krkrsdl3                     I  ===>TVPIsExistentStorageNoSearchNoNormalize
2026-06-25 16:04:14.992 27376-27453 SDL/APP                 org.tvp.krkrsdl3                     I  ===>TVPIsExistentStorageNoSearchNoNormalize
2026-06-25 16:04:14.992 27376-27453 SDL/APP                 org.tvp.krkrsdl3                     I  ===>TVPIsExistentStorageNoSearchNoNormalize
2026-06-25 16:04:14.992 27376-27453 SDL/APP                 org.tvp.krkrsdl3                     I  ===>TVPIsExistentStorageNoSearchNoNormalize
2026-06-25 16:04:14.992 27376-27453 SDL/APP                 org.tvp.krkrsdl3                     I  ===>TVPIsExistentStorageNoSearchNoNormalize
2026-06-25 16:04:14.992 27376-27453 SDL/APP                 org.tvp.krkrsdl3                     I  ===>TVPIsExistentStorageNoSearchNoNormalize
2026-06-25 16:04:14.992 27376-27453 SDL/APP                 org.tvp.krkrsdl3                     I  ===>TVPIsExistentStorageNoSearchNoNormalize
2026-06-25 16:04:14.992 27376-27453 SDL/APP                 org.tvp.krkrsdl3                     I  ===>TVPIsExistentStorageNoSearchNoNormalize
2026-06-25 16:04:15.006 27376-27453 SDL/APP                 org.tvp.krkrsdl3                     I  16:04:15 first.ks : 
2026-06-25 16:04:15.006 27376-27453 SDL/APP                 org.tvp.krkrsdl3                     I  16:04:15 first.ks : @locate x=142 y=160
2026-06-25 16:04:15.006 27376-27453 SDL/APP                 org.tvp.krkrsdl3                     I  16:04:15 first.ks : @button normal="BStart0" over="BStart1" exp="tf.menu='1'" target=*BMenu enterse="Ling" buf=0
2026-06-25 16:04:15.007 27376-27453 SDL/APP                 org.tvp.krkrsdl3                     I  ===>TVPIsExistentStorageNoSearchNoNormalize
2026-06-25 16:04:15.007 27376-27453 SDL/APP                 org.tvp.krkrsdl3                     I  ===>TVPIsExistentStorageNoSearchNoNormalize
2026-06-25 16:04:15.007 27376-27453 SDL/APP                 org.tvp.krkrsdl3                     I  ===>TVPIsExistentStorageNoSearchNoNormalize
2026-06-25 16:04:15.007 27376-27453 SDL/APP                 org.tvp.krkrsdl3                     I  ===>TVPIsExistentStorageNoSearchNoNormalize
2026-06-25 16:04:15.007 27376-27453 SDL/APP                 org.tvp.krkrsdl3                     I  ===>TVPIsExistentStorageNoSearchNoNormalize
2026-06-25 16:04:15.007 27376-27453 SDL/APP                 org.tvp.krkrsdl3                     I  ===>TVPIsExistentStorageNoSearchNoNormalize
2026-06-25 16:04:15.007 27376-27453 SDL/APP                 org.tvp.krkrsdl3                     I  ===>TVPIsExistentStorageNoSearchNoNormalize
2026-06-25 16:04:15.007 27376-27453 SDL/APP                 org.tvp.krkrsdl3                     I  ===>TVPIsExistentStorageNoSearchNoNormalize
2026-06-25 16:04:15.007 27376-27453 SDL/APP                 org.tvp.krkrsdl3                     I  ===>TVPIsExistentStorageNoSearchNoNormalize
2026-06-25 16:04:15.007 27376-27453 SDL/APP                 org.tvp.krkrsdl3                     I  ===>TVPIsExistentStorageNoSearchNoNormalize
2026-06-25 16:04:15.007 27376-27453 SDL/APP                 org.tvp.krkrsdl3                     I  ===>TVPIsExistentStorageNoSearchNoNormalize
2026-06-25 16:04:15.007 27376-27453 SDL/APP                 org.tvp.krkrsdl3                     I  ===>TVPIsExistentStorageNoSearchNoNormalize
2026-06-25 16:04:15.007 27376-27453 SDL/APP                 org.tvp.krkrsdl3                     I  ===>TVPIsExistentStorageNoSearchNoNormalize
2026-06-25 16:04:15.007 27376-27453 SDL/APP                 org.tvp.krkrsdl3                     I  ===>TVPIsExistentStorageNoSearchNoNormalize
2026-06-25 16:04:15.007 27376-27453 SDL/APP                 org.tvp.krkrsdl3                     I  ===>TVPIsExistentStorageNoSearchNoNormalize
2026-06-25 16:04:15.007 27376-27453 SDL/APP                 org.tvp.krkrsdl3                     I  ===>TVPIsExistentStorageNoSearchNoNormalize
2026-06-25 16:04:15.007 27376-27453 SDL/APP                 org.tvp.krkrsdl3                     I  ===>TVPIsExistentStorageNoSearchNoNormalize
2026-06-25 16:04:15.007 27376-27453 SDL/APP                 org.tvp.krkrsdl3                     I  ===>TVPIsExistentStorageNoSearchNoNormalize
2026-06-25 16:04:15.007 27376-27453 SDL/APP                 org.tvp.krkrsdl3                     I  ===>TVPIsExistentStorageNoSearchNoNormalize
2026-06-25 16:04:15.007 27376-27453 SDL/APP                 org.tvp.krkrsdl3                     I  ===>TVPIsExistentStorageNoSearchNoNormalize
2026-06-25 16:04:15.007 27376-27453 SDL/APP                 org.tvp.krkrsdl3                     I  ===>TVPIsExistentStorageNoSearchNoNormalize
2026-06-25 16:04:15.008 27376-27453 SDL/APP                 org.tvp.krkrsdl3                     I  ===>TVPIsExistentStorageNoSearchNoNormalize
2026-06-25 16:04:15.008 27376-27453 SDL/APP                 org.tvp.krkrsdl3                     I  ===>TVPIsExistentStorageNoSearchNoNormalize
2026-06-25 16:04:15.008 27376-27453 SDL/APP                 org.tvp.krkrsdl3                     I  ===>TVPIsExistentStorageNoSearchNoNormalize
2026-06-25 16:04:15.008 27376-27453 SDL/APP                 org.tvp.krkrsdl3                     I  ===>TVPIsExistentStorageNoSearchNoNormalize
2026-06-25 16:04:15.008 27376-27453 SDL/APP                 org.tvp.krkrsdl3                     I  ===>TVPIsExistentStorageNoSearchNoNormalize
2026-06-25 16:04:15.008 27376-27453 SDL/APP                 org.tvp.krkrsdl3                     I  ===>TVPIsExistentStorageNoSearchNoNormalize
2026-06-25 16:04:15.008 27376-27453 SDL/APP                 org.tvp.krkrsdl3                     I  ===>TVPIsExistentStorageNoSearchNoNormalize
2026-06-25 16:04:15.008 27376-27453 SDL/APP                 org.tvp.krkrsdl3                     I  ===>TVPIsExistentStorageNoSearchNoNormalize
2026-06-25 16:04:15.008 27376-27453 SDL/APP                 org.tvp.krkrsdl3                     I  ===>TVPIsExistentStorageNoSearchNoNormalize
2026-06-25 16:04:15.008 27376-27453 SDL/APP                 org.tvp.krkrsdl3                     I  ===>TVPIsExistentStorageNoSearchNoNormalize
2026-06-25 16:04:15.008 27376-27453 SDL/APP                 org.tvp.krkrsdl3                     I  ===>TVPIsExistentStorageNoSearchNoNormalize
2026-06-25 16:04:15.008 27376-27453 SDL/APP                 org.tvp.krkrsdl3                     I  ===>TVPIsExistentStorageNoSearchNoNormalize
2026-06-25 16:04:15.008 27376-27453 SDL/APP                 org.tvp.krkrsdl3                     I  ===>TVPIsExistentStorageNoSearchNoNormalize
2026-06-25 16:04:15.008 27376-27453 SDL/APP                 org.tvp.krkrsdl3                     I  ===>TVPIsExistentStorageNoSearchNoNormalize
2026-06-25 16:04:15.008 27376-27453 SDL/APP                 org.tvp.krkrsdl3                     I  ===>TVPIsExistentStorageNoSearchNoNormalize
2026-06-25 16:04:15.008 27376-27453 SDL/APP                 org.tvp.krkrsdl3                     I  ===>TVPIsExistentStorageNoSearchNoNormalize
2026-06-25 16:04:15.008 27376-27453 SDL/APP                 org.tvp.krkrsdl3                     I  ===>TVPIsExistentStorageNoSearchNoNormalize
2026-06-25 16:04:15.008 27376-27453 SDL/APP                 org.tvp.krkrsdl3                     I  ===>TVPIsExistentStorageNoSearchNoNormalize
2026-06-25 16:04:15.008 27376-27453 SDL/APP                 org.tvp.krkrsdl3                     I  ===>TVPIsExistentStorageNoSearchNoNormalize
2026-06-25 16:04:15.008 27376-27453 SDL/APP                 org.tvp.krkrsdl3                     I  ===>TVPIsExistentStorageNoSearchNoNormalize
2026-06-25 16:04:15.008 27376-27453 SDL/APP                 org.tvp.krkrsdl3                     I  ===>TVPIsExistentStorageNoSearchNoNormalize
2026-06-25 16:04:15.008 27376-27453 SDL/APP                 org.tvp.krkrsdl3                     I  ===>TVPIsExistentStorageNoSearchNoNormalize
2026-06-25 16:04:15.008 27376-27453 SDL/APP                 org.tvp.krkrsdl3                     I  ===>TVPIsExistentStorageNoSearchNoNormalize
2026-06-25 16:04:15.008 27376-27453 SDL/APP                 org.tvp.krkrsdl3                     I  ===>TVPIsExistentStorageNoSearchNoNormalize
2026-06-25 16:04:15.008 27376-27453 SDL/APP                 org.tvp.krkrsdl3                     I  ===>TVPIsExistentStorageNoSearchNoNormalize
2026-06-25 16:04:15.008 27376-27453 SDL/APP                 org.tvp.krkrsdl3                     I  ===>TVPIsExistentStorageNoSearchNoNormalize
2026-06-25 16:04:15.010 27376-27453 SDL/APP                 org.tvp.krkrsdl3                     I  ===>TVPIsExistentStorageNoSearchNoNormalize
2026-06-25 16:04:15.010 27376-27453 SDL/APP                 org.tvp.krkrsdl3                     I  ===>TVPIsExistentStorageNoSearchNoNormalize
2026-06-25 16:04:15.010 27376-27453 SDL/APP                 org.tvp.krkrsdl3                     I  ===>TVPIsExistentStorageNoSearchNoNormalize
2026-06-25 16:04:15.010 27376-27453 SDL/APP                 org.tvp.krkrsdl3                     I  ===>TVPIsExistentStorageNoSearchNoNormalize
2026-06-25 16:04:15.010 27376-27453 SDL/APP                 org.tvp.krkrsdl3                     I  ===>TVPIsExistentStorageNoSearchNoNormalize
2026-06-25 16:04:15.010 27376-27453 SDL/APP                 org.tvp.krkrsdl3                     I  ===>TVPIsExistentStorageNoSearchNoNormalize
2026-06-25 16:04:15.010 27376-27453 SDL/APP                 org.tvp.krkrsdl3                     I  ===>TVPIsExistentStorageNoSearchNoNormalize
2026-06-25 16:04:15.010 27376-27453 SDL/APP                 org.tvp.krkrsdl3                     I  ===>TVPIsExistentStorageNoSearchNoNormalize
2026-06-25 16:04:15.010 27376-27453 SDL/APP                 org.tvp.krkrsdl3                     I  ===>TVPIsExistentStorageNoSearchNoNormalize
