2026-06-25 16:04:08.482 27376-27453 SDL/APP                 org.tvp.krkrsdl3                     I  1===>file://./storage/emulated/0/kr2/data//fonts
2026-06-25 16:04:08.482 27376-27453 SDL/APP                 org.tvp.krkrsdl3                     I  1.5===>file://./storage/emulated/0/kr2/data//fonts
2026-06-25 16:04:08.482 27376-27453 SDL/APP                 org.tvp.krkrsdl3                     I  2===>./storage/emulated/0/kr2/data/fonts/
2026-06-25 16:04:08.483 27376-27453 SDL/APP                 org.tvp.krkrsdl3                     I  16:04:08 Program started on Android 14 (14) (Android)
2026-06-25 16:04:08.483 27376-27453 SDL/APP                 org.tvp.krkrsdl3                     I  ===>TVPIsExistentStorageNoSearchNoNormalize
2026-06-25 16:04:08.483 27376-27453 SDL/APP                 org.tvp.krkrsdl3                     I  16:04:08 (info) Rebuilding Auto Path Table ...
2026-06-25 16:04:08.483 27376-27406 OpenGLRenderer          org.tvp.krkrsdl3                     E  Unable to match the desired swap behavior.
2026-06-25 16:04:08.484 27376-27453 SDL/APP                 org.tvp.krkrsdl3                     I  16:04:08 (info) Total 0 file(s) found, 0 file(s) activated. (1ms)
2026-06-25 16:04:08.484 27376-27453 SDL/APP                 org.tvp.krkrsdl3                     I  ===>tTVPApplication::StartApplication, Initialize()
2026-06-25 16:04:08.484 27376-27453 SDL/APP                 org.tvp.krkrsdl3                     I  ===>tTVPApplication::StartApplication, 1
2026-06-25 16:04:08.484 27376-27453 SDL/APP                 org.tvp.krkrsdl3                     I  ===>tTVPApplication::StartApplication, 2
2026-06-25 16:04:08.484 27376-27453 SDL/APP                 org.tvp.krkrsdl3                     I  ===>tTVPApplication::StartApplication, 3
2026-06-25 16:04:08.484 27376-27453 SDL/APP                 org.tvp.krkrsdl3                     I  ===>tTVPApplication::StartApplication, 4
2026-06-25 16:04:08.484 27376-27453 SDL/APP                 org.tvp.krkrsdl3                     I  16:04:08 AllRegist:0
2026-06-25 16:04:08.484 27376-27453 SDL/APP                 org.tvp.krkrsdl3                     I  16:04:08 AllRegist:1
2026-06-25 16:04:08.485 27376-27453 SDL/APP                 org.tvp.krkrsdl3                     I  16:04:08 AllRegist:2
2026-06-25 16:04:08.485 27376-27453 SDL/APP                 org.tvp.krkrsdl3                     I  ===>TVPIsExistentStorageNoSearchNoNormalize
2026-06-25 16:04:08.486 27376-27453 SDL/APP                 org.tvp.krkrsdl3                     I  ===>tTVPApplication::StartApplication, TVPBeforeSystemInit
2026-06-25 16:04:08.486 27376-27453 SDL/APP                 org.tvp.krkrsdl3                     I  ===>TVPBeforeSystemInit
2026-06-25 16:04:08.486 27376-27453 SDL/APP                 org.tvp.krkrsdl3                     I  ===>TVPIsExistentStorageNoSearchNoNormalize
2026-06-25 16:04:08.486 27376-27453 SDL/APP                 org.tvp.krkrsdl3                     I  16:04:08 (info) Total physical memory : 5329293312
2026-06-25 16:04:08.486 27376-27376 VRI[KRKRActivity]       org.tvp.krkrsdl3                     D  vri.Setup new sync=wmsSync-VRI[KRKRActivity]#6
2026-06-25 16:04:08.494 27376-27406 BLASTBufferQueue        org.tvp.krkrsdl3                     D  [VRI[KRKRActivity]#1](f:0,a:3) producer disconnected before acquireNextBufferLocked
2026-06-25 16:04:08.495 27376-27376 VRI[KRKRActivity]       org.tvp.krkrsdl3                     D  vri.reportDrawFinished
2026-06-25 16:04:08.496 27376-27453 SDL/APP                 org.tvp.krkrsdl3                     I  16:04:08 (info) Specified option(s) (earlier item has more priority) : -render=software
2026-06-25 16:04:08.496 27376-27453 SDL/APP                 org.tvp.krkrsdl3                     I  ===>TVPIsExistentStorageNoSearchNoNormalize
2026-06-25 16:04:08.497 27376-27453 SDL/APP                 org.tvp.krkrsdl3                     I  ===>TVPIsExistentStorageNoSearchNoNormalize
2026-06-25 16:04:08.497 27376-27453 SDL/APP                 org.tvp.krkrsdl3                     I  ===>TVPIsExistentStorageNoSearchNoNormalize
2026-06-25 16:04:08.497 27376-27453 SDL/APP                 org.tvp.krkrsdl3                     I  ===>tTVPArchiveCache.Get
2026-06-25 16:04:08.497 27376-27453 SDL/APP                 org.tvp.krkrsdl3                     I  ===>TVPOpenArchive, tTVPXP3Archive::Create
2026-06-25 16:04:08.497 27376-27453 SDL/APP                 org.tvp.krkrsdl3                     I  ===>TVPIsExistentStorageNoSearchNoNormalize
2026-06-25 16:04:08.499 27376-27453 SDL/APP                 org.tvp.krkrsdl3                     I  16:04:08 (info) Trying to read XP3 virtual file system information from : file://./storage/emulated/0/kr2/data/data.xp3
2026-06-25 16:04:08.502 27376-27376 HandWritingStubImpl     org.tvp.krkrsdl3                     I  refreshLastKeyboardType: 1
2026-06-25 16:04:08.502 27376-27376 HandWritingStubImpl     org.tvp.krkrsdl3                     I  getCurrentKeyboardType: 1
2026-06-25 16:04:08.502 27376-27453 SDL/APP                 org.tvp.krkrsdl3                     I  16:04:08 (info) Done. (contains 181 file(s), 191 segment(s))
2026-06-25 16:04:08.503 27376-27453 SDL/APP                 org.tvp.krkrsdl3                     I  16:04:08 (info) Loading startup script : file://./storage/emulated/0/kr2/data/data.xp3>startup.tjs
2026-06-25 16:04:08.503 27376-27453 SDL/APP                 org.tvp.krkrsdl3                     I  ===>TVPIsExistentStorageNoSearchNoNormalize
2026-06-25 16:04:08.506 27376-27453 SDL/APP                 org.tvp.krkrsdl3                     I  ===>TVPIsExistentStorageNoSearchNoNormalize
2026-06-25 16:04:08.506 27376-27453 SDL/APP                 org.tvp.krkrsdl3                     I  ===>TVPIsExistentStorageNoSearchNoNormalize
2026-06-25 16:04:08.516 27376-27453 SDL/APP                 org.tvp.krkrsdl3                     I  ===>TVPIsExistentStorageNoSearchNoNormalize
2026-06-25 16:04:08.516 27376-27453 SDL/APP                 org.tvp.krkrsdl3                     I  16:04:08 (info) Rebuilding Auto Path Table ...
2026-06-25 16:04:08.517 27376-27453 SDL/APP                 org.tvp.krkrsdl3                     I  1===>/storage/emulated/0/kr2/data/video/
2026-06-25 16:04:08.517 27376-27453 SDL/APP                 org.tvp.krkrsdl3                     I  2===>/storage/emulated/0/kr2/data/video//
2026-06-25 16:04:08.518 27376-27453 SDL/APP                 org.tvp.krkrsdl3                     I  16:04:08 (info) Total 175 file(s) found, 175 file(s) activated. (1ms)
2026-06-25 16:04:08.518 27376-27453 SDL/APP                 org.tvp.krkrsdl3                     I  ===>TVPIsExistentStorageNoSearchNoNormalize
2026-06-25 16:04:08.519 27376-27453 SDL/APP                 org.tvp.krkrsdl3                     I  ===>TVPIsExistentStorageNoSearchNoNormalize
2026-06-25 16:04:08.519 27376-27453 SDL/APP                 org.tvp.krkrsdl3                     I  ===>TVPIsExistentStorageNoSearchNoNormalize
2026-06-25 16:04:08.520 27376-27453 SDL/APP                 org.tvp.krkrsdl3                     I  ===>TVPIsExistentStorageNoSearchNoNormalize
2026-06-25 16:04:08.520 27376-27453 SDL/APP                 org.tvp.krkrsdl3                     I  ===>TVPIsExistentStorageNoSearchNoNormalize
2026-06-25 16:04:08.521 27376-27453 SDL/APP                 org.tvp.krkrsdl3                     I  ===>TVPIsExistentStorageNoSearchNoNormalize
2026-06-25 16:04:08.521 27376-27453 SDL/APP                 org.tvp.krkrsdl3                     I  ===>TVPIsExistentStorageNoSearchNoNormalize
2026-06-25 16:04:08.521 27376-27453 SDL/APP                 org.tvp.krkrsdl3                     I  ===>TVPIsExistentStorageNoSearchNoNormalize
2026-06-25 16:04:08.521 27376-27453 SDL/APP                 org.tvp.krkrsdl3                     I  ===>TVPIsExistentStorageNoSearchNoNormalize
2026-06-25 16:04:08.522 27376-27453 SDL/APP                 org.tvp.krkrsdl3                     I  ===>TVPIsExistentStorageNoSearchNoNormalize
2026-06-25 16:04:08.522 27376-27453 SDL/APP                 org.tvp.krkrsdl3                     I  ===>TVPIsExistentStorageNoSearchNoNormalize
2026-06-25 16:04:08.522 27376-27453 SDL/APP                 org.tvp.krkrsdl3                     I  ===>TVPIsExistentStorageNoSearchNoNormalize
2026-06-25 16:04:08.522 27376-27453 SDL/APP                 org.tvp.krkrsdl3                     I  ===>TVPIsExistentStorageNoSearchNoNormalize
2026-06-25 16:04:08.523 27376-27453 SDL/APP                 org.tvp.krkrsdl3                     I  ===>TVPIsExistentStorageNoSearchNoNormalize
2026-06-25 16:04:08.523 27376-27453 SDL/APP                 org.tvp.krkrsdl3                     I  16:04:08 OS : Android 14 (14) (Android)
2026-06-25 16:04:08.523 27376-27453 SDL/APP                 org.tvp.krkrsdl3                     I  16:04:08 KAG : 3.27-dev.20060219
2026-06-25 16:04:08.523 27376-27453 SDL/APP                 org.tvp.krkrsdl3                     I  16:04:08 Kirikiri : 2.32.2.426
2026-06-25 16:04:08.523 27376-27453 SDL/APP                 org.tvp.krkrsdl3                     I  ===>TVPIsExistentStorageNoSearchNoNormalize
2026-06-25 16:04:08.523 27376-27453 SDL/APP                 org.tvp.krkrsdl3                     I  ===>TVPIsExistentStorageNoSearchNoNormalize
2026-06-25 16:04:08.526 27376-27376 SDL                     org.tvp.krkrsdl3                     V  surfaceChanged()
2026-06-25 16:04:08.526 27376-27376 SDL                     org.tvp.krkrsdl3                     V  Window size: 1600x720
2026-06-25 16:04:08.526 27376-27376 SDL                     org.tvp.krkrsdl3                     V  Device size: 1600x720
2026-06-25 16:04:08.533 27376-27453 SDL/APP                 org.tvp.krkrsdl3                     I  16:04:08 读取了Config.tjs ，消耗时间(10ms)
2026-06-25 16:04:08.533 27376-27453 SDL/APP                 org.tvp.krkrsdl3                     I  ===>TVPIsExistentStorageNoSearchNoNormalize
2026-06-25 16:04:08.533 27376-27453 SDL/APP                 org.tvp.krkrsdl3                     I  ===>TVPIsExistentStorageNoSearchNoNormalize
2026-06-25 16:04:08.535 27376-27453 SDL/APP                 org.tvp.krkrsdl3                     I  ===>TVPIsExistentStorageNoSearchNoNormalize
2026-06-25 16:04:08.535 27376-27453 SDL/APP                 org.tvp.krkrsdl3                     I  16:04:08 读取了UpdateConfig.tjs ，消耗时间(3ms)
2026-06-25 16:04:08.535 27376-27453 SDL/APP                 org.tvp.krkrsdl3                     I  16:04:08 KAG System 正在读取中...
2026-06-25 16:04:08.535 27376-27453 SDL/APP                 org.tvp.krkrsdl3                     I  ===>TVPIsExistentStorageNoSearchNoNormalize
2026-06-25 16:04:08.535 27376-27453 SDL/APP                 org.tvp.krkrsdl3                     I  ===>TVPIsExistentStorageNoSearchNoNormalize
2026-06-25 16:04:08.537 27376-27376 VRI[KRKRActivity]       org.tvp.krkrsdl3                     D  vri.reportNextDraw android.view.ViewRootImpl.handleResized:2343 android.view.ViewRootImpl.-$$Nest$mhandleResized:0 android.view.ViewRootImpl$ViewRootHandler.handleMessageImpl:6850 android.view.ViewRootImpl$ViewRootHandler.handleMessage:6819 android.os.Handler.dispatchMessage:106 
2026-06-25 16:04:08.540 27376-27453 SDL/APP                 org.tvp.krkrsdl3                     I  16:04:08 ----- CxImage Copyright START -----
                                                                                                    CxImage version 5.99c 17/Oct/2004
                                                                                                    CxImage : Copyright (C) 2001 - 2004, Davide Pizzolato
                                                                                                    Original CImage and CImageIterator implementation are:
                                                                                                    Copyright (C) 1995, Alejandro Aguilar Sierra (asierra(at)servidor(dot)unam(dot)mx)
                                                                                                    ----- CxImage Copyright END -----
2026-06-25 16:04:08.540 27376-27453 SDL/APP                 org.tvp.krkrsdl3                     I  16:04:08 BeginAttachTJS2Class: layerExImage
2026-06-25 16:04:08.540 27376-27453 SDL/APP                 org.tvp.krkrsdl3                     I  16:04:08   ID: 31
2026-06-25 16:04:08.540 27376-27453 SDL/APP                 org.tvp.krkrsdl3                     I  16:04:08   RegistItem: light
2026-06-25 16:04:08.540 27376-27376 VRI[KRKRActivity]       org.tvp.krkrsdl3                     D  vri.Setup new sync=wmsSync-VRI[KRKRActivity]#10
2026-06-25 16:04:08.540 27376-27453 SDL/APP                 org.tvp.krkrsdl3                     I  16:04:08   RegistItem: colorize
2026-06-25 16:04:08.540 27376-27453 SDL/APP                 org.tvp.krkrsdl3                     I  16:04:08   RegistItem: modulate
2026-06-25 16:04:08.540 27376-27453 SDL/APP                 org.tvp.krkrsdl3                     I  16:04:08   RegistItem: noise
2026-06-25 16:04:08.540 27376-27453 SDL/APP                 org.tvp.krkrsdl3                     I  16:04:08   RegistItem: generateWhiteNoise
2026-06-25 16:04:08.540 27376-27453 SDL/APP                 org.tvp.krkrsdl3                     I  16:04:08 EndAttachClass: layerExImage
2026-06-25 16:04:08.540 27376-27453 SDL/APP                 org.tvp.krkrsdl3                     I  16:04:08 读取了LayerEx.tjs ，消耗时间(5ms)
2026-06-25 16:04:08.540 27376-27453 SDL/APP                 org.tvp.krkrsdl3                     I  ===>TVPIsExistentStorageNoSearchNoNormalize
2026-06-25 16:04:08.540 27376-27453 SDL/APP                 org.tvp.krkrsdl3                     I  ===>TVPIsExistentStorageNoSearchNoNormalize
2026-06-25 16:04:08.543 27376-27376 VRI[KRKRActivity]       org.tvp.krkrsdl3                     D  vri.reportDrawFinished
2026-06-25 16:04:08.549 27376-27453 SDL/APP                 org.tvp.krkrsdl3                     I  16:04:08 读取了Utils.tjs ，消耗时间(9ms)
2026-06-25 16:04:08.549 27376-27453 SDL/APP                 org.tvp.krkrsdl3                     I  ===>TVPIsExistentStorageNoSearchNoNormalize
2026-06-25 16:04:08.549 27376-27453 SDL/APP                 org.tvp.krkrsdl3                     I  ===>TVPIsExistentStorageNoSearchNoNormalize
2026-06-25 16:04:08.554 27376-27453 SDL/APP                 org.tvp.krkrsdl3                     I  16:04:08 读取了KAGLayer.tjs ，消耗时间(4ms)
2026-06-25 16:04:08.554 27376-27453 SDL/APP                 org.tvp.krkrsdl3                     I  ===>TVPIsExistentStorageNoSearchNoNormalize
2026-06-25 16:04:08.554 27376-27453 SDL/APP                 org.tvp.krkrsdl3                     I  ===>TVPIsExistentStorageNoSearchNoNormalize
2026-06-25 16:04:08.563 27376-27453 SDL/APP                 org.tvp.krkrsdl3                     I  16:04:08 读取了ButtonLayer.tjs ，消耗时间(9ms)
2026-06-25 16:04:08.563 27376-27453 SDL/APP                 org.tvp.krkrsdl3                     I  ===>TVPIsExistentStorageNoSearchNoNormalize
2026-06-25 16:04:08.563 27376-27453 SDL/APP                 org.tvp.krkrsdl3                     I  ===>TVPIsExistentStorageNoSearchNoNormalize
2026-06-25 16:04:08.570 27376-27453 SDL/APP                 org.tvp.krkrsdl3                     I  16:04:08 读取了SelectLayer.tjs ，消耗时间(8ms)
2026-06-25 16:04:08.571 27376-27453 SDL/APP                 org.tvp.krkrsdl3                     I  ===>TVPIsExistentStorageNoSearchNoNormalize
2026-06-25 16:04:08.571 27376-27453 SDL/APP                 org.tvp.krkrsdl3                     I  ===>TVPIsExistentStorageNoSearchNoNormalize
2026-06-25 16:04:08.581 27376-27453 SDL/APP                 org.tvp.krkrsdl3                     I  16:04:08 读取了MapSelectLayer.tjs ，消耗时间(10ms)
2026-06-25 16:04:08.581 27376-27453 SDL/APP                 org.tvp.krkrsdl3                     I  ===>TVPIsExistentStorageNoSearchNoNormalize
2026-06-25 16:04:08.581 27376-27453 SDL/APP                 org.tvp.krkrsdl3                     I  ===>TVPIsExistentStorageNoSearchNoNormalize
2026-06-25 16:04:08.597 27376-27453 SDL/APP                 org.tvp.krkrsdl3                     I  16:04:08 读取了DialogLayer.tjs ，消耗时间(16ms)
2026-06-25 16:04:08.597 27376-27453 SDL/APP                 org.tvp.krkrsdl3                     I  ===>TVPIsExistentStorageNoSearchNoNormalize
2026-06-25 16:04:08.597 27376-27453 SDL/APP                 org.tvp.krkrsdl3                     I  ===>TVPIsExistentStorageNoSearchNoNormalize
2026-06-25 16:04:08.615 27376-27453 SDL/APP                 org.tvp.krkrsdl3                     I  16:04:08 读取了HistoryLayer.tjs ，消耗时间(18ms)
2026-06-25 16:04:08.615 27376-27453 SDL/APP                 org.tvp.krkrsdl3                     I  ===>TVPIsExistentStorageNoSearchNoNormalize
2026-06-25 16:04:08.615 27376-27453 SDL/APP                 org.tvp.krkrsdl3                     I  ===>TVPIsExistentStorageNoSearchNoNormalize
2026-06-25 16:04:08.624 27376-27453 SDL/APP                 org.tvp.krkrsdl3                     I  16:04:08 读取了BGM.tjs ，消耗时间(9ms)
2026-06-25 16:04:08.624 27376-27453 SDL/APP                 org.tvp.krkrsdl3                     I  ===>TVPIsExistentStorageNoSearchNoNormalize
2026-06-25 16:04:08.624 27376-27453 SDL/APP                 org.tvp.krkrsdl3                     I  ===>TVPIsExistentStorageNoSearchNoNormalize
2026-06-25 16:04:08.629 27376-27453 SDL/APP                 org.tvp.krkrsdl3                     I  16:04:08 读取了SE.tjs ，消耗时间(5ms)
2026-06-25 16:04:08.629 27376-27453 SDL/APP                 org.tvp.krkrsdl3                     I  ===>TVPIsExistentStorageNoSearchNoNormalize
2026-06-25 16:04:08.629 27376-27453 SDL/APP                 org.tvp.krkrsdl3                     I  ===>TVPIsExistentStorageNoSearchNoNormalize
2026-06-25 16:04:08.635 27376-27453 SDL/APP                 org.tvp.krkrsdl3                     I  16:04:08 读取了Movie.tjs ，消耗时间(6ms)
2026-06-25 16:04:08.635 27376-27453 SDL/APP                 org.tvp.krkrsdl3                     I  ===>TVPIsExistentStorageNoSearchNoNormalize
2026-06-25 16:04:08.635 27376-27453 SDL/APP                 org.tvp.krkrsdl3                     I  ===>TVPIsExistentStorageNoSearchNoNormalize
2026-06-25 16:04:08.641 27376-27453 SDL/APP                 org.tvp.krkrsdl3                     I  16:04:08 读取了Conductor.tjs ，消耗时间(6ms)
2026-06-25 16:04:08.641 27376-27453 SDL/APP                 org.tvp.krkrsdl3                     I  ===>TVPIsExistentStorageNoSearchNoNormalize
2026-06-25 16:04:08.641 27376-27453 SDL/APP                 org.tvp.krkrsdl3                     I  ===>TVPIsExistentStorageNoSearchNoNormalize
2026-06-25 16:04:08.654 27376-27453 SDL/APP                 org.tvp.krkrsdl3                     I  16:04:08 读取了AffineLayer.tjs ，消耗时间(12ms)
2026-06-25 16:04:08.654 27376-27453 SDL/APP                 org.tvp.krkrsdl3                     I  ===>TVPIsExistentStorageNoSearchNoNormalize
2026-06-25 16:04:08.654 27376-27453 SDL/APP                 org.tvp.krkrsdl3                     I  ===>TVPIsExistentStorageNoSearchNoNormalize
2026-06-25 16:04:08.669 27376-27453 SDL/APP                 org.tvp.krkrsdl3                     I  16:04:08 读取了ActionLayer.tjs ，消耗时间(15ms)
2026-06-25 16:04:08.669 27376-27453 SDL/APP                 org.tvp.krkrsdl3                     I  ===>TVPIsExistentStorageNoSearchNoNormalize
2026-06-25 16:04:08.669 27376-27453 SDL/APP                 org.tvp.krkrsdl3                     I  ===>TVPIsExistentStorageNoSearchNoNormalize
2026-06-25 16:04:08.684 27376-27453 SDL/APP                 org.tvp.krkrsdl3                     I  16:04:08 读取了AnimationLayer.tjs ，消耗时间(15ms)
2026-06-25 16:04:08.684 27376-27453 SDL/APP                 org.tvp.krkrsdl3                     I  ===>TVPIsExistentStorageNoSearchNoNormalize
2026-06-25 16:04:08.684 27376-27453 SDL/APP                 org.tvp.krkrsdl3                     I  ===>TVPIsExistentStorageNoSearchNoNormalize
2026-06-25 16:04:08.694 27376-27453 SDL/APP                 org.tvp.krkrsdl3                     I  16:04:08 读取了GraphicLayer.tjs ，消耗时间(11ms)
2026-06-25 16:04:08.695 27376-27453 SDL/APP                 org.tvp.krkrsdl3                     I  ===>TVPIsExistentStorageNoSearchNoNormalize
2026-06-25 16:04:08.695 27376-27453 SDL/APP                 org.tvp.krkrsdl3                     I  ===>TVPIsExistentStorageNoSearchNoNormalize
2026-06-25 16:04:08.758 27376-27453 SDL/APP                 org.tvp.krkrsdl3                     I  16:04:08 读取了MessageLayer.tjs ，消耗时间(63ms)
2026-06-25 16:04:08.758 27376-27453 SDL/APP                 org.tvp.krkrsdl3                     I  ===>TVPIsExistentStorageNoSearchNoNormalize
2026-06-25 16:04:08.758 27376-27453 SDL/APP                 org.tvp.krkrsdl3                     I  ===>TVPIsExistentStorageNoSearchNoNormalize
2026-06-25 16:04:08.765 27376-27453 SDL/APP                 org.tvp.krkrsdl3                     I  16:04:08 读取了Menus.tjs ，消耗时间(8ms)
2026-06-25 16:04:08.765 27376-27453 SDL/APP                 org.tvp.krkrsdl3                     I  ===>TVPIsExistentStorageNoSearchNoNormalize
2026-06-25 16:04:08.765 27376-27453 SDL/APP                 org.tvp.krkrsdl3                     I  ===>TVPIsExistentStorageNoSearchNoNormalize
2026-06-25 16:04:08.770 27376-27453 SDL/APP                 org.tvp.krkrsdl3                     I  16:04:08 读取了DefaultMover.tjs ，消耗时间(4ms)
2026-06-25 16:04:08.770 27376-27453 SDL/APP                 org.tvp.krkrsdl3                     I  ===>TVPIsExistentStorageNoSearchNoNormalize
2026-06-25 16:04:08.770 27376-27453 SDL/APP                 org.tvp.krkrsdl3                     I  ===>TVPIsExistentStorageNoSearchNoNormalize
2026-06-25 16:04:08.892 27376-27453 SDL/APP                 org.tvp.krkrsdl3                     I  16:04:08 读取了MainWindow.tjs ，消耗时间(122ms)
2026-06-25 16:04:08.892 27376-27453 SDL/APP                 org.tvp.krkrsdl3                     I  ===>TVPIsExistentStorageNoSearchNoNormalize
2026-06-25 16:04:08.892 27376-27453 SDL/APP                 org.tvp.krkrsdl3                     I  ===>TVPIsExistentStorageNoSearchNoNormalize
2026-06-25 16:04:08.892 27376-27453 SDL/APP                 org.tvp.krkrsdl3                     I  16:04:08 脚本读取消耗了 370ms 的时间
2026-06-25 16:04:08.907 27376-27453 SDL/APP                 org.tvp.krkrsdl3                     I  16:04:08 Detected CPU core(s): 8
2026-06-25 16:04:09.039 27376-27376 BLASTBufferQueue        org.tvp.krkrsdl3                     D  [VRI[MainActivity]#0](f:0,a:4) destructor()
2026-06-25 16:04:09.039 27376-27376 BufferQueueConsumer     org.tvp.krkrsdl3                     D  [VRI[MainActivity]#0(BLAST Consumer)0](id:6af000000000,api:0,p:-1,c:27376) disconnect
2026-06-25 16:04:09.054 27376-27376 VRI[KRKRActivity]       org.tvp.krkrsdl3                     D  vri.reportNextDraw android.view.ViewRootImpl.handleResized:2343 android.view.ViewRootImpl.-$$Nest$mhandleResized:0 android.view.ViewRootImpl$ViewRootHandler.handleMessageImpl:6850 android.view.ViewRootImpl$ViewRootHandler.handleMessage:6819 android.os.Handler.dispatchMessage:106 
2026-06-25 16:04:09.063 27376-27453 SDL/APP                 org.tvp.krkrsdl3                     I  ===>TVPIsExistentStorageNoSearchNoNormalize
2026-06-25 16:04:09.068 27376-27453 SDL/APP                 org.tvp.krkrsdl3                     I  ===>TVPIsExistentStorageNoSearchNoNormalize
2026-06-25 16:04:09.070 27376-27376 VRI[KRKRActivity]       org.tvp.krkrsdl3                     D  vri.reportNextDraw android.view.ViewRootImpl.performTraversals:3869 android.view.ViewRootImpl.doTraversal:3044 android.view.ViewRootImpl$TraversalRunnable.run:10578 android.view.Choreographer$CallbackRecord.run:1715 android.view.Choreographer$CallbackRecord.run:1724 
2026-06-25 16:04:09.072 27376-27376 VRI[KRKRActivity]       org.tvp.krkrsdl3                     D  vri.Setup new sync=wmsSync-VRI[KRKRActivity]#12
2026-06-25 16:04:09.082 27376-27376 VRI[KRKRActivity]       org.tvp.krkrsdl3                     D  vri.reportDrawFinished
2026-06-25 16:04:09.091 27376-27453 SDL/APP                 org.tvp.krkrsdl3                     I  16:04:09 KAGMainWindow 的创建消耗了 198ms 的时间
2026-06-25 16:04:09.091 27376-27453 SDL/APP                 org.tvp.krkrsdl3                     I  ===>TVPIsExistentStorageNoSearchNoNormalize
2026-06-25 16:04:09.091 27376-27453 SDL/APP                 org.tvp.krkrsdl3                     I  ===>TVPIsExistentStorageNoSearchNoNormalize
2026-06-25 16:04:09.092 27376-27453 SDL/APP                 org.tvp.krkrsdl3                     I  ===>TVPIsExistentStorageNoSearchNoNormalize
2026-06-25 16:04:09.100 27376-27453 SDL/APP                 org.tvp.krkrsdl3                     I  16:04:09 开始处理
2026-06-25 16:04:09.102 27376-27453 SDL/APP                 org.tvp.krkrsdl3                     I  16:04:09 (info) Startup script ended.
2026-06-25 16:04:09.102 27376-27453 SDL/APP                 org.tvp.krkrsdl3                     I  ===>TVPIsExistentStorageNoSearchNoNormalize
2026-06-25 16:04:09.108 27376-27386 rg.tvp.krkrsdl3         org.tvp.krkrsdl3                     I  This is non sticky GC, maxfree is 8388608 minfree is 524288
2026-06-25 16:04:09.607 27376-27453 SDL/APP                 org.tvp.krkrsdl3                     I  16:04:09 func.ks : 
2026-06-25 16:04:09.607 27376-27453 SDL/APP                 org.tvp.krkrsdl3                     I  16:04:09 func.ks : 
2026-06-25 16:04:09.607 27376-27453 SDL/APP                 org.tvp.krkrsdl3                     I  16:04:09 func.ks : 
2026-06-25 16:04:09.607 27376-27453 SDL/APP                 org.tvp.krkrsdl3                     I  16:04:09 func.ks : 
2026-06-25 16:04:09.607 27376-27453 SDL/APP                 org.tvp.krkrsdl3                     I  16:04:09 func.ks : @loadplugin module=wuvorbis.dll
2026-06-25 16:04:09.608 27376-27453 SDL/APP                 org.tvp.krkrsdl3                     I  16:04:09 插件已经读取 : wuvorbis.dll
2026-06-25 16:04:09.608 27376-27453 SDL/APP                 org.tvp.krkrsdl3                     I  16:04:09 func.ks : @loadplugin module=extrans.dll
2026-06-25 16:04:09.608 27376-27453 SDL/APP                 org.tvp.krkrsdl3                     I  16:04:09 插件已经读取 : extrans.dll
2026-06-25 16:04:09.608 27376-27453 SDL/APP                 org.tvp.krkrsdl3                     I  16:04:09 func.ks : 
2026-06-25 16:04:09.608 27376-27453 SDL/APP                 org.tvp.krkrsdl3                     I  16:04:09 func.ks : @if exp="global.useconfigMappfont==true"
2026-06-25 16:04:09.608 27376-27453 SDL/APP                 org.tvp.krkrsdl3                     I  16:04:09 func.ks : @mappfont storage=&global.configMappfont
2026-06-25 16:04:09.608 27376-27453 SDL/APP                 org.tvp.krkrsdl3                     I  16:04:09 func.ks : @endif
2026-06-25 16:04:09.608 27376-27453 SDL/APP                 org.tvp.krkrsdl3                     I  16:04:09 func.ks : 
2026-06-25 16:04:09.608 27376-27453 SDL/APP                 org.tvp.krkrsdl3                     I  16:04:09 func.ks : @macro name=p
2026-06-25 16:04:09.608 27376-27453 SDL/APP                 org.tvp.krkrsdl3                     I  16:04:09 func.ks : @oporig
2026-06-25 16:04:09.608 27376-27453 SDL/APP                 org.tvp.krkrsdl3                     I  16:04:09 func.ks : @endmacro
2026-06-25 16:04:09.608 27376-27453 SDL/APP                 org.tvp.krkrsdl3                     I  16:04:09 func.ks : 
2026-06-25 16:04:09.608 27376-27453 SDL/APP                 org.tvp.krkrsdl3                     I  16:04:09 func.ks : 
2026-06-25 16:04:09.609 27376-27453 SDL/APP                 org.tvp.krkrsdl3                     I  16:04:09 func.ks : @autolabelmode mode=true
2026-06-25 16:04:09.609 27376-27453 SDL/APP                 org.tvp.krkrsdl3                     I  16:04:09 func.ks : @erafterpage mode=true
2026-06-25 16:04:09.609 27376-27453 SDL/APP                 org.tvp.krkrsdl3                     I  16:04:09 func.ks : 
2026-06-25 16:04:09.609 27376-27453 SDL/APP                 org.tvp.krkrsdl3                     I  16:04:09 func.ks : 
2026-06-25 16:04:09.609 27376-27453 SDL/APP                 org.tvp.krkrsdl3                     I  16:04:09 func.ks : @macro name=lr
2026-06-25 16:04:09.609 27376-27453 SDL/APP                 org.tvp.krkrsdl3                     I  16:04:09 func.ks : @l
2026-06-25 16:04:09.609 27376-27453 SDL/APP                 org.tvp.krkrsdl3                     I  16:04:09 func.ks : @r
2026-06-25 16:04:09.609 27376-27453 SDL/APP                 org.tvp.krkrsdl3                     I  16:04:09 func.ks : @endmacro
2026-06-25 16:04:09.609 27376-27453 SDL/APP                 org.tvp.krkrsdl3                     I  16:04:09 func.ks : 
2026-06-25 16:04:09.609 27376-27453 SDL/APP                 org.tvp.krkrsdl3                     I  16:04:09 func.ks : @macro name=fg
2026-06-25 16:04:09.609 27376-27453 SDL/APP                 org.tvp.krkrsdl3                     I  16:04:09 func.ks : @backlay
2026-06-25 16:04:09.609 27376-27453 SDL/APP                 org.tvp.krkrsdl3                     I  16:04:09 func.ks : @image * layer=%layer|%lay|0 page=back visible=true storage=%storage|%file left=%l|200 top=%t|0 opacity=%op pos=%pos
2026-06-25 16:04:09.609 27376-27453 SDL/APP                 org.tvp.krkrsdl3                     I  16:04:09 func.ks : @trans * method=%method|crossfade time=%time|400 layer=base
2026-06-25 16:04:09.609 27376-27453 SDL/APP                 org.tvp.krkrsdl3                     I  16:04:09 func.ks : @wt canskip="false"
2026-06-25 16:04:09.609 27376-27453 SDL/APP                 org.tvp.krkrsdl3                     I  16:04:09 func.ks : @endmacro
2026-06-25 16:04:09.609 27376-27453 SDL/APP                 org.tvp.krkrsdl3                     I  16:04:09 func.ks : 
2026-06-25 16:04:09.609 27376-27453 SDL/APP                 org.tvp.krkrsdl3                     I  16:04:09 func.ks : @macro name=bg
2026-06-25 16:04:09.609 27376-27453 SDL/APP                 org.tvp.krkrsdl3                     I  16:04:09 func.ks : @eval exp="mp.method=universal" cond=mp.us
2026-06-25 16:04:09.609 27376-27453 SDL/APP                 org.tvp.krkrsdl3                     I  16:04:09 func.ks : @backlay
2026-06-25 16:04:09.609 27376-27453 SDL/APP                 org.tvp.krkrsdl3                     I  16:04:09 func.ks : @image * layer=base page=back storage=%storage|%file left=%l top=%t
2026-06-25 16:04:09.609 27376-27453 SDL/APP                 org.tvp.krkrsdl3                     I  16:04:09 func.ks : @trans * method=%method|crossfade time=%time|1000 layer=base
2026-06-25 16:04:09.609 27376-27453 SDL/APP                 org.tvp.krkrsdl3                     I  16:04:09 func.ks : @wt canskip="false"
2026-06-25 16:04:09.609 27376-27453 SDL/APP                 org.tvp.krkrsdl3                     I  16:04:09 func.ks : @endmacro
2026-06-25 16:04:09.610 27376-27453 SDL/APP                 org.tvp.krkrsdl3                     I  16:04:09 func.ks : 
2026-06-25 16:04:09.610 27376-27453 SDL/APP                 org.tvp.krkrsdl3                     I  16:04:09 func.ks : @macro name=pbg
2026-06-25 16:04:09.610 27376-27453 SDL/APP                 org.tvp.krkrsdl3                     I  16:04:09 func.ks : @eval exp="mp.method=universal" cond=mp.us
2026-06-25 16:04:09.610 27376-27453 SDL/APP                 org.tvp.krkrsdl3                     I  16:04:09 func.ks : @backlay
2026-06-25 16:04:09.610 27376-27453 SDL/APP                 org.tvp.krkrsdl3                     I  16:04:09 func.ks : @pimage * layer=base page=back storage=%storage dx=0 dy=0
2026-06-25 16:04:09.610 27376-27453 SDL/APP                 org.tvp.krkrsdl3                     I  16:04:09 func.ks : @trans * method=%method|crossfade time=%time|1000 layer=base
2026-06-25 16:04:09.610 27376-27453 SDL/APP                 org.tvp.krkrsdl3                     I  16:04:09 func.ks : @wt canskip="false"
2026-06-25 16:04:09.610 27376-27453 SDL/APP                 org.tvp.krkrsdl3                     I  16:04:09 func.ks : @endmacro
2026-06-25 16:04:09.610 27376-27453 SDL/APP                 org.tvp.krkrsdl3                     I  16:04:09 func.ks : 
2026-06-25 16:04:09.610 27376-27453 SDL/APP                 org.tvp.krkrsdl3                     I  16:04:09 func.ks : @macro name=staffbg
2026-06-25 16:04:09.610 27376-27453 SDL/APP                 org.tvp.krkrsdl3                     I  16:04:09 func.ks : @backlay
2026-06-25 16:04:09.610 27376-27453 SDL/APP                 org.tvp.krkrsdl3                     I  16:04:09 func.ks : @image layer=base page=back storage="ExtraBg" visible=true left=0 top=0
2026-06-25 16:04:09.610 27376-27453 SDL/APP                 org.tvp.krkrsdl3                     I  16:04:09 func.ks : @pimage layer=base page=back storage=%storage visible=true dx=0 dy=0
2026-06-25 16:04:09.610 27376-27453 SDL/APP                 org.tvp.krkrsdl3                     I  16:04:09 func.ks : @trans method=universal time=2000 rule="16"
2026-06-25 16:04:09.610 27376-27453 SDL/APP                 org.tvp.krkrsdl3                     I  16:04:09 func.ks : @wt canskip="false"
2026-06-25 16:04:09.610 27376-27453 SDL/APP                 org.tvp.krkrsdl3                     I  16:04:09 func.ks : @wait time=1000
2026-06-25 16:04:09.610 27376-27453 SDL/APP                 org.tvp.krkrsdl3                     I  16:04:09 func.ks : @endmacro
2026-06-25 16:04:09.610 27376-27453 SDL/APP                 org.tvp.krkrsdl3                     I  16:04:09 func.ks : 
2026-06-25 16:04:09.611 27376-27453 SDL/APP                 org.tvp.krkrsdl3                     I  16:04:09 func.ks : @macro name=cl
2026-06-25 16:04:09.611 27376-27453 SDL/APP                 org.tvp.krkrsdl3                     I  16:04:09 func.ks : @eval exp="mp.method=universal" cond=mp.us
2026-06-25 16:04:09.611 27376-27453 SDL/APP                 org.tvp.krkrsdl3                     I  16:04:09 func.ks : @if exp=mp.all
2026-06-25 16:04:09.611 27376-27453 SDL/APP                 org.tvp.krkrsdl3                     I  16:04:09 func.ks : @clearlayers page=back
2026-06-25 16:04:09.611 27376-27453 SDL/APP                 org.tvp.krkrsdl3                     I  16:04:09 func.ks : @backlay layer=message cond=mp.keep=="msg"|"back"
2026-06-25 16:04:09.611 27376-27453 SDL/APP                 org.tvp.krkrsdl3                     I  16:04:09 func.ks : @backlay layer=base cond=mp.keep=="back"
2026-06-25 16:04:09.611 27376-27453 SDL/APP                 org.tvp.krkrsdl3                     I  16:04:09 func.ks : @clearlayers page=fore keep=%keep
2026-06-25 16:04:09.611 27376-27453 SDL/APP                 org.tvp.krkrsdl3                     I  16:04:09 func.ks : @copylay srclayer=message destlayer=message srcpage=back destpage=fore cond=mp.keep=="msg"|"back"
2026-06-25 16:04:09.611 27376-27453 SDL/APP                 org.tvp.krkrsdl3                     I  16:04:09 func.ks : @copylay srclayer=base destlayer=base srcpage=back destpage=fore cond=mp.keep=="back"
2026-06-25 16:04:09.611 27376-27453 SDL/APP                 org.tvp.krkrsdl3                     I  16:04:09 func.ks : @endif
2026-06-25 16:04:09.611 27376-27453 SDL/APP                 org.tvp.krkrsdl3                     I  16:04:09 func.ks : @backlay
2026-06-25 16:04:09.611 27376-27453 SDL/APP                 org.tvp.krkrsdl3                     I  16:04:09 func.ks : @freeimage layer=%layer|%lay|0 page=back
2026-06-25 16:04:09.611 27376-27453 SDL/APP                 org.tvp.krkrsdl3                     I  16:04:09 func.ks : @trans * method=%method|crossfade time=%time|400 layer=base
2026-06-25 16:04:09.611 27376-27453 SDL/APP                 org.tvp.krkrsdl3                     I  16:04:09 func.ks : @wt canskip="false"
2026-06-25 16:04:09.611 27376-27453 SDL/APP                 org.tvp.krkrsdl3                     I  16:04:09 func.ks : @endmacro
2026-06-25 16:04:09.611 27376-27453 SDL/APP                 org.tvp.krkrsdl3                     I  16:04:09 func.ks : 
2026-06-25 16:04:09.611 27376-27453 SDL/APP                 org.tvp.krkrsdl3                     I  16:04:09 func.ks : @macro name=bgm
2026-06-25 16:04:09.612 27376-27453 SDL/APP                 org.tvp.krkrsdl3                     I  16:04:09 func.ks : @if exp=mp.play||(!mp.stop)
2026-06-25 16:04:09.612 27376-27453 SDL/APP                 org.tvp.krkrsdl3                     I  16:04:09 func.ks : @if exp=mp.time!=0
2026-06-25 16:04:09.612 27376-27453 SDL/APP                 org.tvp.krkrsdl3                     I  16:04:09 func.ks : @xchgbgm storage=%storage|%file overlap=%time loop=%loop|true volume=%volume|100
2026-06-25 16:04:09.612 27376-27453 SDL/APP                 org.tvp.krkrsdl3                     I  16:04:09 func.ks : @endif
2026-06-25 16:04:09.612 27376-27453 SDL/APP                 org.tvp.krkrsdl3                     I  16:04:09 func.ks : @if exp=mp.time==(void)
2026-06-25 16:04:09.612 27376-27453 SDL/APP                 org.tvp.krkrsdl3                     I  16:04:09 func.ks : @playbgm storage=%storage|%file loop=%loop|true volume=%volume|100
2026-06-25 16:04:09.612 27376-27453 SDL/APP                 org.tvp.krkrsdl3                     I  16:04:09 func.ks : @endif
2026-06-25 16:04:09.612 27376-27453 SDL/APP                 org.tvp.krkrsdl3                     I  16:04:09 func.ks : @endif
2026-06-25 16:04:09.612 27376-27453 SDL/APP                 org.tvp.krkrsdl3                     I  16:04:09 func.ks : @if exp=mp.stop
2026-06-25 16:04:09.612 27376-27453 SDL/APP                 org.tvp.krkrsdl3                     I  16:04:09 func.ks : @fadeoutbgm buf=%buf|0 time=%time|0
2026-06-25 16:04:09.612 27376-27453 SDL/APP                 org.tvp.krkrsdl3                     I  16:04:09 func.ks : @endif
2026-06-25 16:04:09.612 27376-27453 SDL/APP                 org.tvp.krkrsdl3                     I  16:04:09 func.ks : @if exp=mp.wait
2026-06-25 16:04:09.612 27376-27453 SDL/APP                 org.tvp.krkrsdl3                     I  16:04:09 func.ks : @wb buf=%buf|0
2026-06-25 16:04:09.612 27376-27453 SDL/APP                 org.tvp.krkrsdl3                     I  16:04:09 func.ks : @endif
2026-06-25 16:04:09.612 27376-27453 SDL/APP                 org.tvp.krkrsdl3                     I  16:04:09 func.ks : @endmacro
2026-06-25 16:04:09.612 27376-27453 SDL/APP                 org.tvp.krkrsdl3                     I  16:04:09 func.ks : 
2026-06-25 16:04:09.612 27376-27453 SDL/APP                 org.tvp.krkrsdl3                     I  16:04:09 func.ks : @macro name=se
2026-06-25 16:04:09.612 27376-27453 SDL/APP                 org.tvp.krkrsdl3                     I  16:04:09 func.ks : @if exp=mp.play||(!mp.stop)
2026-06-25 16:04:09.612 27376-27453 SDL/APP                 org.tvp.krkrsdl3                     I  16:04:09 func.ks : @if exp=mp.time!=0
2026-06-25 16:04:09.613 27376-27453 SDL/APP                 org.tvp.krkrsdl3                     I  16:04:09 func.ks : @fadeinse buf=%buf|0 storage=%storage|%file time=%time volume=%volume|100 loop=%loop|false loop=%loop|false
2026-06-25 16:04:09.613 27376-27453 SDL/APP                 org.tvp.krkrsdl3                     I  16:04:09 func.ks : @endif
2026-06-25 16:04:09.613 27376-27453 SDL/APP                 org.tvp.krkrsdl3                     I  16:04:09 func.ks : @if exp=mp.time==(void)
2026-06-25 16:04:09.613 27376-27453 SDL/APP                 org.tvp.krkrsdl3                     I  16:04:09 func.ks : @playse storage=%storage|%file loop=%loop|false volume=%volume|100 buf=%buf|0
2026-06-25 16:04:09.613 27376-27453 SDL/APP                 org.tvp.krkrsdl3                     I  16:04:09 func.ks : @endif
2026-06-25 16:04:09.613 27376-27453 SDL/APP                 org.tvp.krkrsdl3                     I  16:04:09 func.ks : @endif
2026-06-25 16:04:09.613 27376-27453 SDL/APP                 org.tvp.krkrsdl3                     I  16:04:09 func.ks : @if exp=mp.stop
2026-06-25 16:04:09.613 27376-27453 SDL/APP                 org.tvp.krkrsdl3                     I  16:04:09 func.ks : @fadeoutse buf=0 time=%time|0
2026-06-25 16:04:09.613 27376-27453 SDL/APP                 org.tvp.krkrsdl3                     I  16:04:09 func.ks : @endif
2026-06-25 16:04:09.613 27376-27453 SDL/APP                 org.tvp.krkrsdl3                     I  16:04:09 func.ks : @if exp=mp.wait
2026-06-25 16:04:09.613 27376-27453 SDL/APP                 org.tvp.krkrsdl3                     I  16:04:09 func.ks : @wf buf=%buf|0
2026-06-25 16:04:09.613 27376-27453 SDL/APP                 org.tvp.krkrsdl3                     I  16:04:09 func.ks : @ws buf=%buf|0
2026-06-25 16:04:09.613 27376-27453 SDL/APP                 org.tvp.krkrsdl3                     I  16:04:09 func.ks : @endif
2026-06-25 16:04:09.613 27376-27453 SDL/APP                 org.tvp.krkrsdl3                     I  16:04:09 func.ks : @endmacro
2026-06-25 16:04:09.613 27376-27453 SDL/APP                 org.tvp.krkrsdl3                     I  16:04:09 func.ks : 
2026-06-25 16:04:09.613 27376-27453 SDL/APP                 org.tvp.krkrsdl3                     I  16:04:09 func.ks : @macro name=text
2026-06-25 16:04:09.613 27376-27453 SDL/APP                 org.tvp.krkrsdl3                     I  16:04:09 func.ks : 
2026-06-25 16:04:09.613 27376-27453 SDL/APP                 org.tvp.krkrsdl3                     I  16:04:09 func.ks : @if exp=mp.on
2026-06-25 16:04:09.613 27376-27453 SDL/APP                 org.tvp.krkrsdl3                     I  16:04:09 func.ks : @backlay
2026-06-25 16:04:09.614 27376-27453 SDL/APP                 org.tvp.krkrsdl3                     I  16:04:09 func.ks : @layopt layer=message page=back visible=true
2026-06-25 16:04:09.614 27376-27453 SDL/APP                 org.tvp.krkrsdl3                     I  16:04:09 func.ks : @trans method=crossfade time=%time|0
2026-06-25 16:04:09.614 27376-27453 SDL/APP                 org.tvp.krkrsdl3                     I  16:04:09 func.ks : @wt
2026-06-25 16:04:09.614 27376-27453 SDL/APP                 org.tvp.krkrsdl3                     I  16:04:09 func.ks : @layopt layer=message page=fore visible=true
2026-06-25 16:04:09.614 27376-27453 SDL/APP                 org.tvp.krkrsdl3                     I  16:04:09 func.ks : @endif
2026-06-25 16:04:09.614 27376-27453 SDL/APP                 org.tvp.krkrsdl3                     I  16:04:09 func.ks : 
2026-06-25 16:04:09.614 27376-27453 SDL/APP                 org.tvp.krkrsdl3                     I  16:04:09 func.ks : @if exp=mp.off
2026-06-25 16:04:09.614 27376-27453 SDL/APP                 org.tvp.krkrsdl3                     I  16:04:09 func.ks : @layopt layer=message page=back visible=false
2026-06-25 16:04:09.614 27376-27453 SDL/APP                 org.tvp.krkrsdl3                     I  16:04:09 func.ks : @trans method=crossfade time=%time|0
2026-06-25 16:04:09.614 27376-27453 SDL/APP                 org.tvp.krkrsdl3                     I  16:04:09 func.ks : @wt
2026-06-25 16:04:09.614 27376-27453 SDL/APP                 org.tvp.krkrsdl3                     I  16:04:09 func.ks : @layopt layer=message page=fore visible=false
2026-06-25 16:04:09.614 27376-27453 SDL/APP                 org.tvp.krkrsdl3                     I  16:04:09 func.ks : @endif
2026-06-25 16:04:09.614 27376-27453 SDL/APP                 org.tvp.krkrsdl3                     I  16:04:09 func.ks : 
2026-06-25 16:04:09.614 27376-27453 SDL/APP                 org.tvp.krkrsdl3                     I  16:04:09 func.ks : @endmacro
2026-06-25 16:04:09.614 27376-27453 SDL/APP                 org.tvp.krkrsdl3                     I  16:04:09 func.ks : 
2026-06-25 16:04:09.614 27376-27453 SDL/APP                 org.tvp.krkrsdl3                     I  16:04:09 func.ks : @call storage=textset.ks
2026-06-25 16:04:09.615 27376-27453 SDL/APP                 org.tvp.krkrsdl3                     I  16:04:09 func.ks : call stack depth before calling : 0
2026-06-25 16:04:09.615 27376-27453 SDL/APP                 org.tvp.krkrsdl3                     I  ===>TVPIsExistentStorageNoSearchNoNormalize
2026-06-25 16:04:09.615 27376-27453 SDL/APP                 org.tvp.krkrsdl3                     I  16:04:09 textset.ks : @macro name=menul
2026-06-25 16:04:09.615 27376-27453 SDL/APP                 org.tvp.krkrsdl3                     I  16:04:09 textset.ks : [position layer=%layer|message page=fore visible=true opacity=0 top=0 height=600 left=0 width=800 marginl=0 margint=0 marginr=0 marginb=0 frame=%frame| ]
2026-06-25 16:04:09.615 27376-27453 SDL/APP                 org.tvp.krkrsdl3                     I  16:04:09 textset.ks : @endmacro
2026-06-25 16:04:09.615 27376-27453 SDL/APP                 org.tvp.krkrsdl3                     I  16:04:09 textset.ks : 
2026-06-25 16:04:09.615 27376-27453 SDL/APP                 org.tvp.krkrsdl3                     I  16:04:09 textset.ks : @macro name=val
2026-06-25 16:04:09.615 27376-27453 SDL/APP                 org.tvp.krkrsdl3                     I  16:04:09 textset.ks : [position layer=%layer|message page=fore visible=true opacity=128 top=15 height=570 left=20 width=760 marginl=60 margint=45 marginr=24 marginb=30 frame=%frame| ]
2026-06-25 16:04:09.615 27376-27453 SDL/APP                 org.tvp.krkrsdl3                     I  16:04:09 textset.ks : @endmacro
2026-06-25 16:04:09.615 27376-27453 SDL/APP                 org.tvp.krkrsdl3                     I  16:04:09 textset.ks : 
2026-06-25 16:04:09.615 27376-27453 SDL/APP                 org.tvp.krkrsdl3                     I  16:04:09 textset.ks : @macro name=advl
2026-06-25 16:04:09.615 27376-27453 SDL/APP                 org.tvp.krkrsdl3                     I  16:04:09 textset.ks : @backlay
2026-06-25 16:04:09.615 27376-27453 SDL/APP                 org.tvp.krkrsdl3                     I  16:04:09 textset.ks : [position layer=message0 page=back visible=true opacity=0 top=380 height=220 left=0 width=760 marginl=80 margint=45 marginr=60 marginb=30 frame=Talk.png ]
2026-06-25 16:04:09.615 27376-27453 SDL/APP                 org.tvp.krkrsdl3                     I  16:04:09 textset.ks : @trans method=crossfade time=%time|600
2026-06-25 16:04:09.616 27376-27453 SDL/APP                 org.tvp.krkrsdl3                     I  16:04:09 textset.ks : @wt
2026-06-25 16:04:09.616 27376-27453 SDL/APP                 org.tvp.krkrsdl3                     I  16:04:09 textset.ks : [position layer=message0 page=fore visible=true opacity=0 top=380 height=220 left=0 width=760 marginl=80 margint=45 marginr=60 marginb=30 frame=Talk.png ]
2026-06-25 16:04:09.616 27376-27453 SDL/APP                 org.tvp.krkrsdl3                     I  16:04:09 textset.ks : @current layer=message0
2026-06-25 16:04:09.616 27376-27453 SDL/APP                 org.tvp.krkrsdl3                     I  16:04:09 textset.ks : @endmacro
2026-06-25 16:04:09.616 27376-27453 SDL/APP                 org.tvp.krkrsdl3                     I  16:04:09 textset.ks : 
2026-06-25 16:04:09.616 27376-27453 SDL/APP                 org.tvp.krkrsdl3                     I  16:04:09 textset.ks : @macro name=vala
2026-06-25 16:04:09.616 27376-27453 SDL/APP                 org.tvp.krkrsdl3                     I  16:04:09 textset.ks : [position layer=%layer|message1 page=back visible=true opacity=0 top=0 height=600 left=0 width=800 marginl=0 margint=0 marginr=0 marginb=0 frame=%frame| ]
2026-06-25 16:04:09.616 27376-27453 SDL/APP                 org.tvp.krkrsdl3                     I  16:04:09 textset.ks : @endmacro
2026-06-25 16:04:09.616 27376-27453 SDL/APP                 org.tvp.krkrsdl3                     I  16:04:09 textset.ks : 
2026-06-25 16:04:09.616 27376-27453 SDL/APP                 org.tvp.krkrsdl3                     I  16:04:09 textset.ks : @return
2026-06-25 16:04:09.616 27376-27453 SDL/APP                 org.tvp.krkrsdl3                     I  16:04:09 - - - - - - - - - - - - - - - - - - - - - - - - - - - - - - - - - - - - - - - - 
2026-06-25 16:04:09.616 27376-27453 SDL/APP                 org.tvp.krkrsdl3                     I  16:04:09 func.ks : jumped to : *init
2026-06-25 16:04:09.616 27376-27453 SDL/APP                 org.tvp.krkrsdl3                     I  16:04:09 func.ks : returned to : *init line offset 141
2026-06-25 16:04:09.616 27376-27453 SDL/APP                 org.tvp.krkrsdl3                     I  16:04:09 func.ks : call stack depth after returning : 0
2026-06-25 16:04:09.616 27376-27453 SDL/APP                 org.tvp.krkrsdl3                     I  16:04:09 func.ks : 
2026-06-25 16:04:09.616 27376-27453 SDL/APP                 org.tvp.krkrsdl3                     I  16:04:09 func.ks : @layopt layer=0 index=1000
2026-06-25 16:04:09.617 27376-27453 SDL/APP                 org.tvp.krkrsdl3                     I  16:04:09 func.ks : @layopt layer=1 index=2000
2026-06-25 16:04:09.617 27376-27453 SDL/APP                 org.tvp.krkrsdl3                     I  16:04:09 func.ks : @layopt layer=2 index=3000
2026-06-25 16:04:09.617 27376-27453 SDL/APP                 org.tvp.krkrsdl3                     I  16:04:09 func.ks : @layopt layer=message0 index=4000
2026-06-25 16:04:09.617 27376-27453 SDL/APP                 org.tvp.krkrsdl3                     I  16:04:09 func.ks : @layopt layer=3 index=5000
2026-06-25 16:04:09.617 27376-27453 SDL/APP                 org.tvp.krkrsdl3                     I  16:04:09 func.ks : @layopt layer=message1 index=6000
2026-06-25 16:04:09.618 27376-27453 SDL/APP                 org.tvp.krkrsdl3                     I  16:04:09 func.ks : 
2026-06-25 16:04:09.618 27376-27453 SDL/APP                 org.tvp.krkrsdl3                     I  16:04:09 func.ks : 
2026-06-25 16:04:09.618 27376-27453 SDL/APP                 org.tvp.krkrsdl3                     I  16:04:09 func.ks : @jump storage=first.ks
2026-06-25 16:04:09.618 27376-27453 SDL/APP                 org.tvp.krkrsdl3                     I  ===>TVPIsExistentStorageNoSearchNoNormalize
2026-06-25 16:04:09.618 27376-27453 SDL/APP                 org.tvp.krkrsdl3                     I  16:04:09 first.ks : 
2026-06-25 16:04:09.618 27376-27453 SDL/APP                 org.tvp.krkrsdl3                     I  16:04:09 first.ks : 
2026-06-25 16:04:09.618 27376-27453 SDL/APP                 org.tvp.krkrsdl3                     I  16:04:09 first.ks : 
2026-06-25 16:04:09.618 27376-27453 SDL/APP                 org.tvp.krkrsdl3                     I  16:04:09 first.ks : 
